This is pdfTeX, Version 3.141592653-2.6-1.40.25 (TeX Live 2023) (preloaded format=pdflatex 2025.1.28)  26 MAR 2025 15:22
entering extended mode
 restricted \write18 enabled.
 %&-line parsing enabled.
**psyclone.tex
(./psyclone.tex
LaTeX2e <2022-11-01> patch level 1
L3 programming layer <2023-02-22> (./sphinxmanual.cls
Document Class: sphinxmanual 2019/12/01 v2.3.0 Document class (Sphinx manual)
(/usr/share/texlive/texmf-dist/tex/latex/base/report.cls
Document Class: report 2022/07/02 v1.4n Standard LaTeX document class
(/usr/share/texlive/texmf-dist/tex/latex/base/size10.clo
File: size10.clo 2022/07/02 v1.4n Standard LaTeX file (size option)
)
\c@part=\count185
\c@chapter=\count186
\c@section=\count187
\c@subsection=\count188
\c@subsubsection=\count189
\c@paragraph=\count190
\c@subparagraph=\count191
\c@figure=\count192
\c@table=\count193
\abovecaptionskip=\skip48
\belowcaptionskip=\skip49
\bibindent=\dimen140
)
LaTeX Info: Redefining \and on input line 35.
)
(/usr/share/texlive/texmf-dist/tex/latex/base/inputenc.sty
Package: inputenc 2021/02/14 v1.3d Input encoding file
\inpenc@prehook=\toks16
\inpenc@posthook=\toks17
)
   defining Unicode char U+00A0 (decimal 160)
   defining Unicode char U+2500 (decimal 9472)
   defining Unicode char U+2502 (decimal 9474)
   defining Unicode char U+2514 (decimal 9492)
   defining Unicode char U+251C (decimal 9500)
   defining Unicode char U+2572 (decimal 9586)

(/usr/share/texlive/texmf-dist/tex/latex/cmap/cmap.sty
Package: cmap 2021/02/06 v1.0j CMap support: searchable PDF
)
(/usr/share/texlive/texmf-dist/tex/latex/base/fontenc.sty
Package: fontenc 2021/04/29 v2.0v Standard LaTeX package
<<t1.cmap>>)
(/usr/share/texlive/texmf-dist/tex/latex/amsmath/amsmath.sty
Package: amsmath 2022/04/08 v2.17n AMS math features
\@mathmargin=\skip50

For additional information on amsmath, use the `?' option.
(/usr/share/texlive/texmf-dist/tex/latex/amsmath/amstext.sty
Package: amstext 2021/08/26 v2.01 AMS text

(/usr/share/texlive/texmf-dist/tex/latex/amsmath/amsgen.sty
File: amsgen.sty 1999/11/30 v2.0 generic functions
\@emptytoks=\toks18
\ex@=\dimen141
))
(/usr/share/texlive/texmf-dist/tex/latex/amsmath/amsbsy.sty
Package: amsbsy 1999/11/29 v1.2d Bold Symbols
\pmbraise@=\dimen142
)
(/usr/share/texlive/texmf-dist/tex/latex/amsmath/amsopn.sty
Package: amsopn 2022/04/08 v2.04 operator names
)
\inf@bad=\count194
LaTeX Info: Redefining \frac on input line 234.
\uproot@=\count195
\leftroot@=\count196
LaTeX Info: Redefining \overline on input line 399.
LaTeX Info: Redefining \colon on input line 410.
\classnum@=\count197
\DOTSCASE@=\count198
LaTeX Info: Redefining \ldots on input line 496.
LaTeX Info: Redefining \dots on input line 499.
LaTeX Info: Redefining \cdots on input line 620.
\Mathstrutbox@=\box51
\strutbox@=\box52
LaTeX Info: Redefining \big on input line 722.
LaTeX Info: Redefining \Big on input line 723.
LaTeX Info: Redefining \bigg on input line 724.
LaTeX Info: Redefining \Bigg on input line 725.
\big@size=\dimen143
LaTeX Font Info:    Redeclaring font encoding OML on input line 743.
LaTeX Font Info:    Redeclaring font encoding OMS on input line 744.
\macc@depth=\count199
LaTeX Info: Redefining \bmod on input line 905.
LaTeX Info: Redefining \pmod on input line 910.
LaTeX Info: Redefining \smash on input line 940.
LaTeX Info: Redefining \relbar on input line 970.
LaTeX Info: Redefining \Relbar on input line 971.
\c@MaxMatrixCols=\count266
\dotsspace@=\muskip16
\c@parentequation=\count267
\dspbrk@lvl=\count268
\tag@help=\toks19
\row@=\count269
\column@=\count270
\maxfields@=\count271
\andhelp@=\toks20
\eqnshift@=\dimen144
\alignsep@=\dimen145
\tagshift@=\dimen146
\tagwidth@=\dimen147
\totwidth@=\dimen148
\lineht@=\dimen149
\@envbody=\toks21
\multlinegap=\skip51
\multlinetaggap=\skip52
\mathdisplay@stack=\toks22
LaTeX Info: Redefining \[ on input line 2953.
LaTeX Info: Redefining \] on input line 2954.
)
(/usr/share/texlive/texmf-dist/tex/latex/amsfonts/amssymb.sty
Package: amssymb 2013/01/14 v3.01 AMS font symbols

(/usr/share/texlive/texmf-dist/tex/latex/amsfonts/amsfonts.sty
Package: amsfonts 2013/01/14 v3.01 Basic AMSFonts support
\symAMSa=\mathgroup4
\symAMSb=\mathgroup5
LaTeX Font Info:    Redeclaring math symbol \hbar on input line 98.
LaTeX Font Info:    Overwriting math alphabet `\mathfrak' in version `bold'
(Font)                  U/euf/m/n --> U/euf/b/n on input line 106.
))
(/usr/share/texlive/texmf-dist/tex/generic/babel/babel.sty
Package: babel 2023/02/13 3.86 The Babel package
\babel@savecnt=\count272
\U@D=\dimen150
\l@unhyphenated=\language3

(/usr/share/texlive/texmf-dist/tex/generic/babel/txtbabel.def)
\bbl@readstream=\read2
\bbl@dirlevel=\count273

(/usr/share/texlive/texmf-dist/tex/generic/babel-english/english.ldf
Language: english 2017/06/06 v3.3r English support from the babel system
Package babel Info: Hyphen rules for 'british' set to \l@english
(babel)             (\language0). Reported on input line 82.
Package babel Info: Hyphen rules for 'UKenglish' set to \l@english
(babel)             (\language0). Reported on input line 83.
Package babel Info: Hyphen rules for 'canadian' set to \l@english
(babel)             (\language0). Reported on input line 102.
Package babel Info: Hyphen rules for 'australian' set to \l@english
(babel)             (\language0). Reported on input line 105.
Package babel Info: Hyphen rules for 'newzealand' set to \l@english
(babel)             (\language0). Reported on input line 108.
))
(/usr/share/texlive/texmf-dist/tex/generic/babel/locale/en/babel-english.tex
Package babel Info: Importing font and identification data for english
(babel)             from babel-en.ini. Reported on input line 11.
)
(/usr/share/texlive/texmf-dist/tex/latex/tex-gyre/tgtermes.sty
Package: tgtermes 2009/09/27 v1.2 TeX Gyre Termes as default roman family

(/usr/share/texlive/texmf-dist/tex/latex/kvoptions/kvoptions.sty
Package: kvoptions 2022-06-15 v3.15 Key value format for package options (HO)

(/usr/share/texlive/texmf-dist/tex/latex/graphics/keyval.sty
Package: keyval 2022/05/29 v1.15 key=value parser (DPC)
\KV@toks@=\toks23
)
(/usr/share/texlive/texmf-dist/tex/generic/ltxcmds/ltxcmds.sty
Package: ltxcmds 2020-05-10 v1.25 LaTeX kernel commands for general use (HO)
)
(/usr/share/texlive/texmf-dist/tex/latex/kvsetkeys/kvsetkeys.sty
Package: kvsetkeys 2022-10-05 v1.19 Key value parser (HO)
)))
(/usr/share/texlive/texmf-dist/tex/latex/tex-gyre/tgheros.sty
Package: tgheros 2009/09/27 v1.2 TeX Gyre Heros as default sans serif family
)
(/usr/share/texlive/texmf-dist/tex/latex/fncychap/fncychap.sty
Package: fncychap 2007/07/30 v1.34 LaTeX package (Revised chapters)
\RW=\skip53
\mylen=\skip54
\myhi=\skip55
\px=\skip56
\py=\skip57
\pyy=\skip58
\pxx=\skip59
\c@AlphaCnt=\count274
\c@AlphaDecCnt=\count275
) (./sphinx.sty
Package: sphinx 2023/03/19 v6.2.0 LaTeX package (Sphinx markup)

(/usr/share/texlive/texmf-dist/tex/latex/xcolor/xcolor.sty
Package: xcolor 2022/06/12 v2.14 LaTeX color extensions (UK)

(/usr/share/texlive/texmf-dist/tex/latex/graphics-cfg/color.cfg
File: color.cfg 2016/01/02 v1.6 sample color configuration
)
Package xcolor Info: Driver file: pdftex.def on input line 227.

(/usr/share/texlive/texmf-dist/tex/latex/graphics-def/pdftex.def
File: pdftex.def 2022/09/22 v1.2b Graphics/color driver for pdftex
)
(/usr/share/texlive/texmf-dist/tex/latex/graphics/mathcolor.ltx)
Package xcolor Info: Model `cmy' substituted by `cmy0' on input line 1353.
Package xcolor Info: Model `hsb' substituted by `rgb' on input line 1357.
Package xcolor Info: Model `RGB' extended on input line 1369.
Package xcolor Info: Model `HTML' substituted by `rgb' on input line 1371.
Package xcolor Info: Model `Hsb' substituted by `hsb' on input line 1372.
Package xcolor Info: Model `tHsb' substituted by `hsb' on input line 1373.
Package xcolor Info: Model `HSB' substituted by `hsb' on input line 1374.
Package xcolor Info: Model `Gray' substituted by `gray' on input line 1375.
Package xcolor Info: Model `wave' substituted by `hsb' on input line 1376.
)
(./sphinxoptionshyperref.sty
File: sphinxoptionshyperref.sty 2021/01/27 hyperref
) (./sphinxoptionsgeometry.sty
File: sphinxoptionsgeometry.sty 2021/01/27 geometry
)
(/usr/share/texlive/texmf-dist/tex/latex/base/textcomp.sty
Package: textcomp 2020/02/02 v2.0n Standard LaTeX package
)
(/usr/share/texlive/texmf-dist/tex/latex/float/float.sty
Package: float 2001/11/08 v1.3d Float enhancements (AL)
\c@float@type=\count276
\float@exts=\toks24
\float@box=\box53
\@float@everytoks=\toks25
\@floatcapt=\box54
)
(/usr/share/texlive/texmf-dist/tex/latex/wrapfig/wrapfig.sty
\wrapoverhang=\dimen151
\WF@size=\dimen152
\c@WF@wrappedlines=\count277
\WF@box=\box55
\WF@everypar=\toks26
Package: wrapfig 2003/01/31  v 3.6
)
(/usr/share/texlive/texmf-dist/tex/latex/capt-of/capt-of.sty
Package: capt-of 2009/12/29 v0.2 standard captions outside of floats
)
(/usr/share/texlive/texmf-dist/tex/latex/tools/multicol.sty
Package: multicol 2021/11/30 v1.9d multicolumn formatting (FMi)
\c@tracingmulticols=\count278
\mult@box=\box56
\multicol@leftmargin=\dimen153
\c@unbalance=\count279
\c@collectmore=\count280
\doublecol@number=\count281
\multicoltolerance=\count282
\multicolpretolerance=\count283
\full@width=\dimen154
\page@free=\dimen155
\premulticols=\dimen156
\postmulticols=\dimen157
\multicolsep=\skip60
\multicolbaselineskip=\skip61
\partial@page=\box57
\last@line=\box58
\maxbalancingoverflow=\dimen158
\mult@rightbox=\box59
\mult@grightbox=\box60
\mult@firstbox=\box61
\mult@gfirstbox=\box62
\@tempa=\box63
\@tempa=\box64
\@tempa=\box65
\@tempa=\box66
\@tempa=\box67
\@tempa=\box68
\@tempa=\box69
\@tempa=\box70
\@tempa=\box71
\@tempa=\box72
\@tempa=\box73
\@tempa=\box74
\@tempa=\box75
\@tempa=\box76
\@tempa=\box77
\@tempa=\box78
\@tempa=\box79
\@tempa=\box80
\@tempa=\box81
\@tempa=\box82
\@tempa=\box83
\@tempa=\box84
\@tempa=\box85
\@tempa=\box86
\@tempa=\box87
\@tempa=\box88
\@tempa=\box89
\@tempa=\box90
\@tempa=\box91
\@tempa=\box92
\@tempa=\box93
\@tempa=\box94
\@tempa=\box95
\@tempa=\box96
\@tempa=\box97
\@tempa=\box98
\c@minrows=\count284
\c@columnbadness=\count285
\c@finalcolumnbadness=\count286
\last@try=\dimen159
\multicolovershoot=\dimen160
\multicolundershoot=\dimen161
\mult@nat@firstbox=\box99
\colbreak@box=\box100
\mc@col@check@num=\count287
)
(/usr/share/texlive/texmf-dist/tex/latex/graphics/graphicx.sty
Package: graphicx 2021/09/16 v1.2d Enhanced LaTeX Graphics (DPC,SPQR)

(/usr/share/texlive/texmf-dist/tex/latex/graphics/graphics.sty
Package: graphics 2022/03/10 v1.4e Standard LaTeX Graphics (DPC,SPQR)

(/usr/share/texlive/texmf-dist/tex/latex/graphics/trig.sty
Package: trig 2021/08/11 v1.11 sin cos tan (DPC)
)
(/usr/share/texlive/texmf-dist/tex/latex/graphics-cfg/graphics.cfg
File: graphics.cfg 2016/06/04 v1.11 sample graphics configuration
)
Package graphics Info: Driver file: pdftex.def on input line 107.
)
\Gin@req@height=\dimen162
\Gin@req@width=\dimen163
)
(./sphinxlatexgraphics.sty
File: sphinxlatexgraphics.sty 2021/01/27 graphics
\spx@image@maxheight=\dimen164
\spx@image@box=\box101
) (./sphinxpackageboxes.sty
Package: sphinxpackageboxes 2023/03/19 v6.2.0 advanced colored boxes


Package sphinx Warning: The package pict2e is required for rounded boxes.
(sphinx)                It does not seem to be available on your system.
(sphinx)                Options for setting radii will be ignored.


Package sphinx Warning: The package ellipse is required for elliptical corners.

(sphinx)                It does not seem to be available on your system.
(sphinx)                All non-straight corners will use circle arcs..

\spx@tempboxa=\box102
\spx@tempboxb=\box103
\spx@boxes@border=\dimen165
\spx@boxes@border@top=\dimen166
\spx@boxes@border@right=\dimen167
\spx@boxes@border@bottom=\dimen168
\spx@boxes@border@left=\dimen169
\spx@boxes@padding@top=\dimen170
\spx@boxes@padding@right=\dimen171
\spx@boxes@padding@bottom=\dimen172
\spx@boxes@padding@left=\dimen173
\spx@boxes@shadow@xoffset=\dimen174
\spx@boxes@shadow@yoffset=\dimen175
\spx@boxes@radius@topleft@x=\dimen176
\spx@boxes@radius@topright@x=\dimen177
\spx@boxes@radius@bottomright@x=\dimen178
\spx@boxes@radius@bottomleft@x=\dimen179
\spx@boxes@radius@topleft@y=\dimen180
\spx@boxes@radius@topright@y=\dimen181
\spx@boxes@radius@bottomright@y=\dimen182
\spx@boxes@radius@bottomleft@y=\dimen183
) (./sphinxlatexadmonitions.sty
File: sphinxlatexadmonitions.sty 2023/03/19 admonitions

(/usr/share/texlive/texmf-dist/tex/latex/framed/framed.sty
Package: framed 2011/10/22 v 0.96: framed or shaded text with page breaks
\OuterFrameSep=\skip62
\fb@frw=\dimen184
\fb@frh=\dimen185
\FrameRule=\dimen186
\FrameSep=\dimen187
)
\spx@notice@border=\dimen188
)
(./sphinxlatexliterals.sty
File: sphinxlatexliterals.sty 2023/04/01 code-blocks and parsed literals

(/usr/share/texlive/texmf-dist/tex/latex/fancyvrb/fancyvrb.sty
Package: fancyvrb 2023/01/19 4.5a verbatim text (tvz,hv)
\FV@CodeLineNo=\count288
\FV@InFile=\read3
\FV@TabBox=\box104
\c@FancyVerbLine=\count289
\FV@StepNumber=\count290
\FV@OutFile=\write3
)
(/usr/share/texlive/texmf-dist/tex/latex/base/alltt.sty
Package: alltt 2021/01/29 v2.0g defines alltt environment
)
(/usr/share/texlive/texmf-dist/tex/latex/upquote/upquote.sty
Package: upquote 2012/04/19 v1.3 upright-quote and grave-accent glyphs in verba
tim
)
(/usr/share/texlive/texmf-dist/tex/latex/needspace/needspace.sty
Package: needspace 2010/09/12 v1.3d reserve vertical space
)
\sphinxcontinuationbox=\box105
\sphinxvisiblespacebox=\box106
\sphinxVerbatim@TitleBox=\box107
\sphinxVerbatim@ContentsBox=\box108
)
(./sphinxlatexshadowbox.sty
File: sphinxlatexshadowbox.sty 2023/03/19 sphinxShadowBox
) (./sphinxlatexcontainers.sty
File: sphinxlatexcontainers.sty 2021/05/03 containers
)
(./sphinxhighlight.sty
Package: sphinxhighlight 2022/06/30 stylesheet for highlighting with pygments
) (./sphinxlatextables.sty
File: sphinxlatextables.sty 2022/08/15 tables

(/usr/share/texlive/texmf-dist/tex/latex/tabulary/tabulary.sty
Package: tabulary 2014/06/11 v0.10 tabulary package (DPC)

(/usr/share/texlive/texmf-dist/tex/latex/tools/array.sty
Package: array 2022/09/04 v2.5g Tabular extension package (FMi)
\col@sep=\dimen189
\ar@mcellbox=\box109
\extrarowheight=\dimen190
\NC@list=\toks27
\extratabsurround=\skip63
\backup@length=\skip64
\ar@cellbox=\box110
)
\TY@count=\count291
\TY@linewidth=\dimen191
\tymin=\dimen192
\tymax=\dimen193
\TY@tablewidth=\dimen194
)
(/usr/share/texlive/texmf-dist/tex/latex/tools/longtable.sty
Package: longtable 2021-09-01 v4.17 Multi-page Table package (DPC)
\LTleft=\skip65
\LTright=\skip66
\LTpre=\skip67
\LTpost=\skip68
\LTchunksize=\count292
\LTcapwidth=\dimen195
\LT@head=\box111
\LT@firsthead=\box112
\LT@foot=\box113
\LT@lastfoot=\box114
\LT@gbox=\box115
\LT@cols=\count293
\LT@rows=\count294
\c@LT@tables=\count295
\c@LT@chunks=\count296
\LT@p@ftn=\toks28
)
(/usr/share/texlive/texmf-dist/tex/latex/varwidth/varwidth.sty
Package: varwidth 2009/03/30 ver 0.92;  Variable-width minipages
\@vwid@box=\box116
\sift@deathcycles=\count297
\@vwid@loff=\dimen196
\@vwid@roff=\dimen197
)
\sphinx@TY@tablewidth=\dimen198

(/usr/share/texlive/texmf-dist/tex/latex/colortbl/colortbl.sty
Package: colortbl 2022/06/20 v1.0f Color table columns (DPC)
\everycr=\toks29
\minrowclearance=\skip69
\rownum=\count298
)
(/usr/share/texlive/texmf-dist/tex/latex/booktabs/booktabs.sty
Package: booktabs 2020/01/12 v1.61803398 Publication quality tables
\heavyrulewidth=\dimen199
\lightrulewidth=\dimen256
\cmidrulewidth=\dimen257
\belowrulesep=\dimen258
\belowbottomsep=\dimen259
\aboverulesep=\dimen260
\abovetopsep=\dimen261
\cmidrulesep=\dimen262
\cmidrulekern=\dimen263
\defaultaddspace=\dimen264
\@cmidla=\count299
\@cmidlb=\count300
\@aboverulesep=\dimen265
\@belowrulesep=\dimen266
\@thisruleclass=\count301
\@lastruleclass=\count302
\@thisrulewidth=\dimen267
))
(./sphinxlatexnumfig.sty
File: sphinxlatexnumfig.sty 2021/01/27 numbering
) (./sphinxlatexlists.sty
File: sphinxlatexlists.sty 2021/12/20 lists
\spx@lineitemlabel=\toks30
)
\c@sphinxscope=\count303
 (./sphinxpackagefootnote.sty
Package: sphinxpackagefootnote 2022/08/15 v5.3.0 Sphinx custom footnotehyper pa
ckage (Sphinx team)
\FNH@notes=\box117
\FNH@toks=\toks31
\FNH@width=\dimen268
\c@sphinxfootnotemark=\count304
) (./sphinxlatexindbibtoc.sty
File: sphinxlatexindbibtoc.sty 2021/01/27 index, bib., toc

(/usr/share/texlive/texmf-dist/tex/latex/base/makeidx.sty
Package: makeidx 2021/10/04 v1.0m Standard LaTeX package
))
(./sphinxlatexstylepage.sty
File: sphinxlatexstylepage.sty 2021/01/27 page styling

(/usr/share/texlive/texmf-dist/tex/latex/parskip/parskip.sty
Rollback for package 'parskip' requested -> version 'v1'.
         This corresponds to the release introduced on 2001-04-09.

(/usr/share/texlive/texmf-dist/tex/latex/parskip/parskip-2001-04-09.sty
Package: parskip 2001/04/09 non-zero parskip adjustments
))
(/usr/share/texlive/texmf-dist/tex/latex/fancyhdr/fancyhdr.sty
Package: fancyhdr 2022/11/09 v4.1 Extensive control of page headers and footers

\f@nch@headwidth=\skip70
\f@nch@O@elh=\skip71
\f@nch@O@erh=\skip72
\f@nch@O@olh=\skip73
\f@nch@O@orh=\skip74
\f@nch@O@elf=\skip75
\f@nch@O@erf=\skip76
\f@nch@O@olf=\skip77
\f@nch@O@orf=\skip78
))
(./sphinxlatexstyleheadings.sty
File: sphinxlatexstyleheadings.sty 2023/02/11 headings

(/usr/share/texlive/texmf-dist/tex/latex/titlesec/titlesec.sty
Package: titlesec 2021/07/05 v2.14 Sectioning titles
\ttl@box=\box118
\beforetitleunit=\skip79
\aftertitleunit=\skip80
\ttl@plus=\dimen269
\ttl@minus=\dimen270
\ttl@toksa=\toks32
\titlewidth=\dimen271
\titlewidthlast=\dimen272
\titlewidthfirst=\dimen273
))
(./sphinxlatexstyletext.sty
File: sphinxlatexstyletext.sty 2023/07/23 text styling
) (./sphinxlatexobjects.sty
File: sphinxlatexobjects.sty 2023/07/23 documentation environments
\sphinxsignaturesep=\skip81
\sphinxsignaturelistskip=\skip82
\py@argswidth=\skip83
\lineblockindentation=\skip84
\DUlineblockindent=\skip85
))
(/usr/share/texlive/texmf-dist/tex/latex/geometry/geometry.sty
Package: geometry 2020/01/02 v5.9 Page Geometry

(/usr/share/texlive/texmf-dist/tex/generic/iftex/ifvtex.sty
Package: ifvtex 2019/10/25 v1.7 ifvtex legacy package. Use iftex instead.

(/usr/share/texlive/texmf-dist/tex/generic/iftex/iftex.sty
Package: iftex 2022/02/03 v1.0f TeX engine tests
))
\Gm@cnth=\count305
\Gm@cntv=\count306
\c@Gm@tempcnt=\count307
\Gm@bindingoffset=\dimen274
\Gm@wd@mp=\dimen275
\Gm@odd@mp=\dimen276
\Gm@even@mp=\dimen277
\Gm@layoutwidth=\dimen278
\Gm@layoutheight=\dimen279
\Gm@layouthoffset=\dimen280
\Gm@layoutvoffset=\dimen281
\Gm@dimlist=\toks33
)
(/usr/share/texlive/texmf-dist/tex/latex/hyperref/hyperref.sty
Package: hyperref 2023-02-07 v7.00v Hypertext links for LaTeX

(/usr/share/texlive/texmf-dist/tex/generic/pdftexcmds/pdftexcmds.sty
Package: pdftexcmds 2020-06-27 v0.33 Utility functions of pdfTeX for LuaTeX (HO
)

(/usr/share/texlive/texmf-dist/tex/generic/infwarerr/infwarerr.sty
Package: infwarerr 2019/12/03 v1.5 Providing info/warning/error messages (HO)
)
Package pdftexcmds Info: \pdf@primitive is available.
Package pdftexcmds Info: \pdf@ifprimitive is available.
Package pdftexcmds Info: \pdfdraftmode found.
)
(/usr/share/texlive/texmf-dist/tex/generic/kvdefinekeys/kvdefinekeys.sty
Package: kvdefinekeys 2019-12-19 v1.6 Define keys (HO)
)
(/usr/share/texlive/texmf-dist/tex/generic/pdfescape/pdfescape.sty
Package: pdfescape 2019/12/09 v1.15 Implements pdfTeX's escape features (HO)
)
(/usr/share/texlive/texmf-dist/tex/latex/hycolor/hycolor.sty
Package: hycolor 2020-01-27 v1.10 Color options for hyperref/bookmark (HO)
)
(/usr/share/texlive/texmf-dist/tex/latex/letltxmacro/letltxmacro.sty
Package: letltxmacro 2019/12/03 v1.6 Let assignment for LaTeX macros (HO)
)
(/usr/share/texlive/texmf-dist/tex/latex/auxhook/auxhook.sty
Package: auxhook 2019-12-17 v1.6 Hooks for auxiliary files (HO)
)
(/usr/share/texlive/texmf-dist/tex/latex/hyperref/nameref.sty
Package: nameref 2022-05-17 v2.50 Cross-referencing by name of section

(/usr/share/texlive/texmf-dist/tex/latex/refcount/refcount.sty
Package: refcount 2019/12/15 v3.6 Data extraction from label references (HO)
)
(/usr/share/texlive/texmf-dist/tex/generic/gettitlestring/gettitlestring.sty
Package: gettitlestring 2019/12/15 v1.6 Cleanup title references (HO)
)
\c@section@level=\count308
)
\@linkdim=\dimen282
\Hy@linkcounter=\count309
\Hy@pagecounter=\count310

(/usr/share/texlive/texmf-dist/tex/latex/hyperref/pd1enc.def
File: pd1enc.def 2023-02-07 v7.00v Hyperref: PDFDocEncoding definition (HO)
Now handling font encoding PD1 ...
... no UTF-8 mapping file for font encoding PD1
)
(/usr/share/texlive/texmf-dist/tex/generic/intcalc/intcalc.sty
Package: intcalc 2019/12/15 v1.3 Expandable calculations with integers (HO)
)
(/usr/share/texlive/texmf-dist/tex/generic/etexcmds/etexcmds.sty
Package: etexcmds 2019/12/15 v1.7 Avoid name clashes with e-TeX commands (HO)
)
\Hy@SavedSpaceFactor=\count311

(/usr/share/texlive/texmf-dist/tex/latex/hyperref/puenc.def
File: puenc.def 2023-02-07 v7.00v Hyperref: PDF Unicode definition (HO)
Now handling font encoding PU ...
... no UTF-8 mapping file for font encoding PU
)
Package hyperref Info: Option `unicode' set `true' on input line 4060.
Package hyperref Info: Option `colorlinks' set `true' on input line 4060.
Package hyperref Info: Option `breaklinks' set `true' on input line 4060.
Package hyperref Info: Hyper figures OFF on input line 4177.
Package hyperref Info: Link nesting OFF on input line 4182.
Package hyperref Info: Hyper index ON on input line 4185.
Package hyperref Info: Plain pages OFF on input line 4192.
Package hyperref Info: Backreferencing OFF on input line 4197.
Package hyperref Info: Implicit mode ON; LaTeX internals redefined.
Package hyperref Info: Bookmarks ON on input line 4425.
\c@Hy@tempcnt=\count312

(/usr/share/texlive/texmf-dist/tex/latex/url/url.sty
\Urlmuskip=\muskip17
Package: url 2013/09/16  ver 3.4  Verb mode for urls, etc.
)
LaTeX Info: Redefining \url on input line 4763.
\XeTeXLinkMargin=\dimen283

(/usr/share/texlive/texmf-dist/tex/generic/bitset/bitset.sty
Package: bitset 2019/12/09 v1.3 Handle bit-vector datatype (HO)

(/usr/share/texlive/texmf-dist/tex/generic/bigintcalc/bigintcalc.sty
Package: bigintcalc 2019/12/15 v1.5 Expandable calculations on big integers (HO
)
))
\Fld@menulength=\count313
\Field@Width=\dimen284
\Fld@charsize=\dimen285
Package hyperref Info: Hyper figures OFF on input line 6042.
Package hyperref Info: Link nesting OFF on input line 6047.
Package hyperref Info: Hyper index ON on input line 6050.
Package hyperref Info: backreferencing OFF on input line 6057.
Package hyperref Info: Link coloring ON on input line 6060.
Package hyperref Info: Link coloring with OCG OFF on input line 6067.
Package hyperref Info: PDF/A mode OFF on input line 6072.

(/usr/share/texlive/texmf-dist/tex/latex/base/atbegshi-ltx.sty
Package: atbegshi-ltx 2021/01/10 v1.0c Emulation of the original atbegshi
package with kernel methods
)
\Hy@abspage=\count314
\c@Item=\count315
\c@Hfootnote=\count316
)
Package hyperref Info: Driver (autodetected): hpdftex.

(/usr/share/texlive/texmf-dist/tex/latex/hyperref/hpdftex.def
File: hpdftex.def 2023-02-07 v7.00v Hyperref driver for pdfTeX

(/usr/share/texlive/texmf-dist/tex/latex/base/atveryend-ltx.sty
Package: atveryend-ltx 2020/08/19 v1.0a Emulation of the original atveryend pac
kage
with kernel methods
)
\Fld@listcount=\count317
\c@bookmark@seq@number=\count318

(/usr/share/texlive/texmf-dist/tex/latex/rerunfilecheck/rerunfilecheck.sty
Package: rerunfilecheck 2022-07-10 v1.10 Rerun checks for auxiliary files (HO)

(/usr/share/texlive/texmf-dist/tex/generic/uniquecounter/uniquecounter.sty
Package: uniquecounter 2019/12/15 v1.4 Provide unlimited unique counter (HO)
)
Package uniquecounter Info: New unique counter `rerunfilecheck' on input line 2
85.
)
\Hy@SectionHShift=\skip86
)
(/usr/share/texlive/texmf-dist/tex/latex/oberdiek/hypcap.sty
Package: hypcap 2016/05/16 v1.12 Adjusting the anchors of captions (HO)
)
(./sphinxmessages.sty
Package: sphinxmessages 2019/01/04 v2.0 Localized LaTeX macros (Sphinx team)
)
\@indexfile=\write4
\openout4 = `psyclone.idx'.


Writing index file psyclone.idx
LaTeX Font Info:    Trying to load font information for T1+qtm on input line 73
.
(/usr/share/texlive/texmf-dist/tex/latex/tex-gyre/t1qtm.fd
File: t1qtm.fd 2009/09/25 v1.2 font definition file for T1/qtm
)
(/usr/share/texlive/texmf-dist/tex/latex/l3backend/l3backend-pdftex.def
File: l3backend-pdftex.def 2023-01-16 L3 backend support: PDF output (pdfTeX)
\l__color_backend_stack_int=\count319
\l__pdf_internal_box=\box119
)
(./psyclone.aux)
\openout1 = `psyclone.aux'.

LaTeX Font Info:    Checking defaults for OML/cmm/m/it on input line 73.
LaTeX Font Info:    ... okay on input line 73.
LaTeX Font Info:    Checking defaults for OMS/cmsy/m/n on input line 73.
LaTeX Font Info:    ... okay on input line 73.
LaTeX Font Info:    Checking defaults for OT1/cmr/m/n on input line 73.
LaTeX Font Info:    ... okay on input line 73.
LaTeX Font Info:    Checking defaults for T1/cmr/m/n on input line 73.
LaTeX Font Info:    ... okay on input line 73.
LaTeX Font Info:    Checking defaults for TS1/cmr/m/n on input line 73.
LaTeX Font Info:    ... okay on input line 73.
LaTeX Font Info:    Checking defaults for OMX/cmex/m/n on input line 73.
LaTeX Font Info:    ... okay on input line 73.
LaTeX Font Info:    Checking defaults for U/cmr/m/n on input line 73.
LaTeX Font Info:    ... okay on input line 73.
LaTeX Font Info:    Checking defaults for PD1/pdf/m/n on input line 73.
LaTeX Font Info:    ... okay on input line 73.
LaTeX Font Info:    Checking defaults for PU/pdf/m/n on input line 73.
LaTeX Font Info:    ... okay on input line 73.

(/usr/share/texlive/texmf-dist/tex/context/base/mkii/supp-pdf.mkii
[Loading MPS to PDF converter (version 2006.09.02).]
\scratchcounter=\count320
\scratchdimen=\dimen286
\scratchbox=\box120
\nofMPsegments=\count321
\nofMParguments=\count322
\everyMPshowfont=\toks34
\MPscratchCnt=\count323
\MPscratchDim=\dimen287
\MPnumerator=\count324
\makeMPintoPDFobject=\count325
\everyMPtoPDFconversion=\toks35
) (/usr/share/texlive/texmf-dist/tex/latex/epstopdf-pkg/epstopdf-base.sty
Package: epstopdf-base 2020-01-24 v2.11 Base part for package epstopdf
Package epstopdf-base Info: Redefining graphics rule for `.eps' on input line 4
85.

(/usr/share/texlive/texmf-dist/tex/latex/latexconfig/epstopdf-sys.cfg
File: epstopdf-sys.cfg 2010/07/13 v1.3 Configuration of (r)epstopdf for TeX Liv
e
))
\c@literalblock=\count326
\c@enumv=\count327
\c@enumvi=\count328
Package sphinx Info: maximal list depth extended to 6 on input line 73.

*geometry* driver: auto-detecting
*geometry* detected driver: pdftex
*geometry* verbose mode - [ preamble ] result:
* driver: pdftex
* paper: letterpaper
* layout: <same size as paper>
* layoutoffset:(h,v)=(0.0pt,0.0pt)
* modes: twoside 
* h-part:(L,W,R)=(72.26999pt, 469.75502pt, 72.26999pt)
* v-part:(T,H,B)=(72.26999pt, 650.43001pt, 72.26999pt)
* \paperwidth=614.295pt
* \paperheight=794.96999pt
* \textwidth=469.75502pt
* \textheight=650.43001pt
* \oddsidemargin=0.0pt
* \evensidemargin=0.0pt
* \topmargin=-37.0pt
* \headheight=12.0pt
* \headsep=25.0pt
* \topskip=10.0pt
* \footskip=30.0pt
* \marginparwidth=36.135pt
* \marginparsep=11.0pt
* \columnsep=10.0pt
* \skip\footins=9.0pt plus 4.0pt minus 2.0pt
* \hoffset=0.0pt
* \voffset=0.0pt
* \mag=1000
* \@twocolumnfalse
* \@twosidetrue
* \@mparswitchtrue
* \@reversemarginfalse
* (1in=72.27pt=25.4mm, 1cm=28.453pt)

Package hyperref Info: Link coloring ON on input line 73.
(./psyclone.out) (./psyclone.out)
\@outlinefile=\write5
\openout5 = `psyclone.out'.

Package hyperref Info: Option `pageanchor' set `false' on input line 81.
LaTeX Font Info:    Trying to load font information for T1+qhv on input line 81
.

(/usr/share/texlive/texmf-dist/tex/latex/tex-gyre/t1qhv.fd
File: t1qhv.fd 2009/09/25 v1.2 font definition file for T1/qhv
)<<ot1.cmap>>
LaTeX Font Info:    Trying to load font information for U+msa on input line 81.


(/usr/share/texlive/texmf-dist/tex/latex/amsfonts/umsa.fd
File: umsa.fd 2013/01/14 v3.01 AMS symbols A
)
LaTeX Font Info:    Trying to load font information for U+msb on input line 81.


(/usr/share/texlive/texmf-dist/tex/latex/amsfonts/umsb.fd
File: umsb.fd 2013/01/14 v3.01 AMS symbols B
) [1

{/var/lib/texmf/fonts/map/pdftex/updmap/pdftex.map}{/usr/share/texlive/texmf-di
st/fonts/enc/dvips/tex-gyre/q-ec.enc}] [2


] (./psyclone.toc [1

] [2]
LaTeX Font Info:    Trying to load font information for T1+txtt on input line 3
62.
LaTeX Font Info:    No file T1txtt.fd. on input line 362.


LaTeX Font Warning: Font shape `T1/txtt/m/n' undefined
(Font)              using `T1/cmr/m/n' instead on input line 362.

)
\tf@toc=\write6
\openout6 = `psyclone.toc'.

 [3{/usr/share/texlive/texmf-dist/fonts/enc/dvips/cm-super/cm-super-t1.enc}]
[4

] [1] [2

]
Chapter 1.
[3]

LaTeX Font Warning: Font shape `T1/txtt/b/n' undefined
(Font)              using `T1/txtt/m/n' instead on input line 267.

LaTeX Font Info:    Trying to load font information for TS1+txtt on input line 
276.
LaTeX Font Info:    No file TS1txtt.fd. on input line 276.

LaTeX Font Warning: Font shape `TS1/txtt/m/n' undefined
(Font)              using `TS1/cmr/m/n' instead
(Font)              for symbol `textquotesingle' on input line 276.

[4] [5{/usr/share/texlive/texmf-dist/fonts/enc/dvips/cm-super/cm-super-ts1.enc}
]

LaTeX Font Warning: Font shape `T1/txtt/m/it' undefined
(Font)              using `T1/txtt/m/n' instead on input line 345.


LaTeX Font Warning: Font shape `TS1/txtt/m/it' undefined
(Font)              using `TS1/txtt/m/n' instead
(Font)              for symbol `textquotesingle' on input line 345.

[6] [7] [8

]
Chapter 2.

Overfull \vbox (1.32195pt too high) detected at line 519
 []

[9] [10] [11] [12] [13] [14]
Chapter 3.
[15

] [16] [17] [18]
Chapter 4.
[19

] [20] [21] [22]
Overfull \vbox (1.53638pt too high) detected at line 1744
 []

[23] [24] [25] [26] [27] [28] [29] [30]
Chapter 5.
[31

] [32] [33] [34

]
Chapter 6.
LaTeX Font Info:    Trying to load font information for TS1+qtm on input line 2
412.
(/usr/share/texlive/texmf-dist/tex/latex/tex-gyre/ts1qtm.fd
File: ts1qtm.fd 2009/09/25 v1.2 font definition file for TS1/qtm
) [35{/usr/share/texlive/texmf-dist/fonts/enc/dvips/tex-gyre/q-ts1.enc}]
<schedule_with_indices.png, id=1981, 659.46375pt x 484.81125pt>
File: schedule_with_indices.png Graphic file (type png)
<use schedule_with_indices.png>
Package pdftex.def Info: schedule_with_indices.png  used on input line 2530.
(pdftex.def)             Requested size: 469.77217pt x 345.36502pt.
 [36] [37 <./schedule_with_indices.png>] [38] [39] [40] [41] [42]
Underfull \hbox (badness 10000) in paragraph at lines 3369--3372
[]\T1/txtt/m/it/10 REAL_SINGLE_TYPE\T1/qtm/m/n/10 , \T1/txtt/m/it/10 REAL_DOUBL
E_TYPE\T1/qtm/m/n/10 , \T1/txtt/m/it/10 IN-TE-GER_SINGLE_TYPE \T1/qtm/m/n/10 an
d \T1/txtt/m/it/10 IN-TE-
 []

[43]
Overfull \hbox (44.17212pt too wide) in paragraph at lines 3439--3440
 [][] 
 []

[44] [45] [46] [47] [48] [49] [50] [51] [52] [53] [54]
Chapter 7.
[55

] [56] [57] [58] [59] [60] [61] [62] [63] [64] [65] [66] [67]
Overfull \hbox (3.92009pt too wide) in paragraph at lines 5766--5766
\T1/qtm/m/it/10 clone.psyir.nodes.extract_node.ExtractNode\TS1/qtm/m/it/10 '\T1
/qtm/m/it/10 >\T1/txtt/m/it/10 )|  
 []

[68]
Underfull \hbox (badness 10000) in paragraph at lines 5812--5814
[]\T1/txtt/m/it/10 op-tions["prefix"] \T1/qtm/m/n/10 ([][]\T1/txtt/m/it/10 str[
][]\T1/qtm/m/n/10 ) ^^U a pre-fix to use for the PSy-Data mod-ule name
 []

[69] [70] [71] [72] [73] [74] [75] [76] [77] [78] [79] [80] [81] [82] [83]
[84] [85] [86]
Underfull \hbox (badness 10000) in paragraph at lines 7598--7602
[]\T1/txtt/m/it/10 nodes \T1/qtm/m/n/10 (Union[\T1/txtt/m/it/10 psyclone.psyir.
nodes.Node\T1/qtm/m/n/10 , \T1/txtt/m/it/10 psyclone.psyir.nodes.Schedule\T1/qt
m/m/n/10 ,
 []

[87] [88]
Underfull \hbox (badness 10000) in paragraph at lines 7846--7850
[]\T1/txtt/m/it/10 nodes \T1/qtm/m/n/10 (Union[\T1/txtt/m/it/10 psyclone.psyir.
nodes.Node\T1/qtm/m/n/10 , \T1/txtt/m/it/10 psyclone.psyir.nodes.Schedule\T1/qt
m/m/n/10 ,
 []

[89] [90]
Underfull \hbox (badness 10000) in paragraph at lines 8032--8036
[]\T1/txtt/m/it/10 nodes \T1/qtm/m/n/10 (Union[\T1/txtt/m/it/10 psyclone.psyir.
nodes.Node\T1/qtm/m/n/10 , \T1/txtt/m/it/10 psyclone.psyir.nodes.Schedule\T1/qt
m/m/n/10 ,
 []

[91] [92] [93] [94] [95] [96] [97]
Underfull \hbox (badness 10000) in paragraph at lines 8760--8762
[]\T1/txtt/m/it/10 op-tions["prefix"] \T1/qtm/m/n/10 ([][]\T1/txtt/m/it/10 str[
][]\T1/qtm/m/n/10 ) ^^U a pre-fix to use for the PSy-Data mod-ule name
 []


Overfull \hbox (51.41112pt too wide) in paragraph at lines 8785--8785
\T1/qtm/m/it/10 clone.psyir.nodes.read_only_verify_node.ReadOnlyVerifyNode\TS1/
qtm/m/it/10 '\T1/qtm/m/it/10 >\T1/txtt/m/it/10 )|  
 []

[98]
Underfull \hbox (badness 10000) in paragraph at lines 8826--8828
[]\T1/txtt/m/it/10 op-tions["prefix"] \T1/qtm/m/n/10 ([][]\T1/txtt/m/it/10 str[
][]\T1/qtm/m/n/10 ) ^^U a pre-fix to use for the PSy-Data mod-ule name
 []

[99] [100] [101] [102] [103] [104] [105] [106] [107] [108] [109]
Underfull \hbox (badness 10000) in paragraph at lines 10108--10108
[]\T1/qhv/m/n/10 Op-
 []


Overfull \hbox (1.11366pt too wide) in paragraph at lines 10108--10108
[]\T1/qhv/m/n/10 De-
 []


Overfull \hbox (3.80365pt too wide) in paragraph at lines 10108--10108
\T1/qhv/m/n/10 fault| 
 []


Underfull \hbox (badness 10000) in paragraph at lines 10108--10108
[]\T1/qtm/m/n/10 lo-
 []


Overfull \hbox (7.3902pt too wide) in paragraph at lines 10108--10108
\T1/qtm/m/n/10 cal_size| 
 []


Overfull \hbox (34.5102pt too wide) in paragraph at lines 10108--10108
[]\T1/qtm/m/n/10 queue_number| 
 []

[110] [111] [112] [113] [114

]
Chapter 8.
[115] [116]
Overfull \vbox (0.98232pt too high) detected at line 10526
 []

[117] [118] [119]
<dag.png, id=2593, 397.485pt x 839.38594pt>
File: dag.png Graphic file (type png)
<use dag.png>
Package pdftex.def Info: dag.png  used on input line 10689.
(pdftex.def)             Requested size: 192.71875pt x 406.98642pt.
 [120 <./dag.png>]
Chapter 9.
[121

] [122] [123] [124] [125]

Package tabulary Warning: No suitable columns! on input line 11316.

[126] [127]

Package tabulary Warning: No suitable columns! on input line 11510.


Package tabulary Warning: No suitable columns! on input line 11584.

[128]

Package tabulary Warning: No suitable columns! on input line 11691.


Package tabulary Warning: No suitable columns! on input line 11756.

[129] [130]
Underfull \hbox (badness 10000) in paragraph at lines 11885--11891
[]\T1/qtm/m/n/10 If any of the mod-i-fied ar-gu-ments are de-clared with the ge
neric func-tion space meta-data (e.g.
 []

[131] [132] [133] [134] [135] [136]

Package tabulary Warning: No suitable columns! on input line 12541.


Package tabulary Warning: No suitable columns! on input line 12633.


Overfull \hbox (38.02496pt too wide) in paragraph at lines 12633--12634
 [][] 
 []

[137] [138] [139]

Package tabulary Warning: No suitable columns! on input line 12916.


Overfull \hbox (7.45493pt too wide) in paragraph at lines 12916--12917
 [][] 
 []

[140] [141] [142] [143] [144]
Overfull \hbox (57.29118pt too wide) in paragraph at lines 13471--13471
[]\T1/txtt/m/it/10 owned_and_halo_cell_column| 
 []

[145]
Underfull \hbox (badness 10000) in paragraph at lines 13583--13590
[]\T1/qtm/m/n/10 If the cur-rent en-try is a field vec-tor then for each di-men
-sion of the vec-
 []


Underfull \hbox (badness 10000) in paragraph at lines 13583--13590
\T1/qtm/m/n/10 tor, in-clude a field ar-ray. The field ar-ray name is spec-i-fi
ed as be-ing us-ing
 []


Underfull \hbox (badness 5985) in paragraph at lines 13583--13590
\T1/txtt/m/it/10 "field_"<argument_position>"_"<field_function_space>"_v"<vecto
r_position>\T1/qtm/m/n/10 . A field
 []

[146]
Underfull \hbox (badness 10000) in paragraph at lines 13650--13656
[]\T1/qtm/m/n/10 If shape is \T1/txtt/m/it/10 gh_quadrature_* \T1/qtm/m/n/10 th
en the ar-rays are of rank four and are
 []


Underfull \hbox (badness 10000) in paragraph at lines 13650--13656
\T1/qtm/m/n/10 named \T1/txtt/m/it/10 "ba-sis_"<field_function_space>_<quadratu
re_arg_name> \T1/qtm/m/n/10 or
 []


Underfull \hbox (badness 10000) in paragraph at lines 13673--13682
\T1/qtm/m/n/10 ar-gu-ment is \T1/txtt/m/it/10 "ba-sis_"<field_function_space>"_
on_"<target_function_space> \T1/qtm/m/n/10 or
 []


Package tabulary Warning: No suitable columns! on input line 13764.

[147]
Overfull \hbox (1.87056pt too wide) in paragraph at lines 13842--13846
[]\T1/qtm/m/n/10 If \T1/txtt/m/it/10 gh_shape \T1/qtm/m/n/10 is \T1/txtt/m/it/1
0 gh_quadrature_face\T1/qtm/m/n/10 /\T1/txtt/m/it/10 _edge \T1/qtm/m/n/10 then 
pass \T1/txtt/m/it/10 nfaces\T1/qtm/m/n/10 /\T1/txtt/m/it/10 nedges_<quadrature
_arg_name>
 []

[148] [149] [150] [151] [152] [153] [154] [155]

Package tabulary Warning: No suitable columns! on input line 14716.


Overfull \hbox (23.45494pt too wide) in paragraph at lines 14716--14717
 [][] 
 []


Underfull \hbox (badness 10000) in paragraph at lines 14789--14793
[]\T1/qtm/m/n/10 De-scrip-tive name of math-e-mat-i-cal op-er-a-tion on \T1/qtm
/m/it/10 RHS \T1/qtm/m/n/10 ar-gu-ments in the form \T1/txtt/m/it/10 <op-er-a-
 []


Underfull \hbox (badness 10000) in paragraph at lines 14795--14798
[]\T1/qtm/m/n/10 Pre-fix \T1/txtt/m/it/10 "inc_" \T1/qtm/m/n/10 where the re-su
lt is re-turned to one of the \T1/qtm/m/it/10 RHS \T1/qtm/m/n/10 ar-gu-ments (i
.e.
 []


Underfull \hbox (badness 10000) in paragraph at lines 14800--14803
[]\T1/qtm/m/n/10 Pre-fix \T1/txtt/m/it/10 "int_" \T1/qtm/m/n/10 for the Built-i
n op-er-a-tions on the \T1/txtt/m/it/10 in-te-ger\T1/qtm/m/n/10 -valued field a
r-gu-ments (i.e.
 []

[156] [157] [158] [159] [160] [161] [162] [163] [164] [165] [166] [167]
[168] [169] [170] [171] [172] [173] [174] [175]
Underfull \hbox (badness 10000) in paragraph at lines 16308--16318
\T1/qtm/m/n/10 This sec-tion de-scribes the LFRic API-specific trans-for-ma-tio
ns. In cases, ex-cept-ing \T1/qtm/b/n/10 Dy-
 []


Underfull \hbox (badness 10000) in paragraph at lines 16308--16318
\T1/qtm/b/n/10 namo0p3RedundantComputationTrans\T1/qtm/m/n/10 , \T1/qtm/b/n/10 
Dy-namo0p3AsyncHaloExchangeTrans \T1/qtm/m/n/10 and \T1/qtm/b/n/10 Dy-
 []

[176]
Underfull \hbox (badness 10000) in paragraph at lines 16424--16426
[]\T1/txtt/m/it/10 op-tions["prefix"] \T1/qtm/m/n/10 ([][]\T1/txtt/m/it/10 str[
][]\T1/qtm/m/n/10 ) ^^U a pre-fix to use for the PSy-Data mod-ule name
 []

[177] [178] [179] [180] [181] [182] [183] [184] [185] [186

]
Chapter 10.
[187]
<grid_offset_choices.png, id=3255, 221.3871pt x 103.3461pt>
File: grid_offset_choices.png Graphic file (type png)
<use grid_offset_choices.png>
Package pdftex.def Info: grid_offset_choices.png  used on input line 17555.
(pdftex.def)             Requested size: 221.38655pt x 103.34584pt.
 [188 <./grid_offset_choices.png>] [189]
Underfull \vbox (badness 1226) detected at line 17736
 []

[190] [191] [192] [193] [194]
<grids_SW_stagger.png, id=3302, 577.357pt x 763.653pt>
File: grids_SW_stagger.png Graphic file (type png)
<use grids_SW_stagger.png>
Package pdftex.def Info: grids_SW_stagger.png  used on input line 18294.
(pdftex.def)             Requested size: 469.76213pt x 621.35213pt.
 [195]
Underfull \hbox (badness 10000) in paragraph at lines 18296--18301
[]\T1/txtt/m/it/10 GO_INTERNAL_PTS \T1/qtm/m/n/10 are then those points that ar
e within the Model do-main (fus-cia box),
 []

[196 <./grids_SW_stagger.png>] [197] [198] [199] [200]
Underfull \hbox (badness 10000) in paragraph at lines 18806--18808
[]\T1/txtt/m/it/10 op-tions["prefix"] \T1/qtm/m/n/10 ([][]\T1/txtt/m/it/10 str[
][]\T1/qtm/m/n/10 ) ^^U a pre-fix to use for the PSy-Data mod-ule name
 []

[201] [202] [203]
Underfull \hbox (badness 5036) in paragraph at lines 19192--19194
\T1/qtm/m/n/10 dex_offsets, field_space, it-er-a-tion_space and loop_type that 
don't ap-pear in the
 []

[204] [205] [206

]
Chapter 11.
[207] [208] [209] [210] [211] [212] [213] [214] [215] [216]
Chapter 12.
[217

] [218]
Chapter 13.
[219

] [220

]
Chapter 14.
[221] [222] [223] [224] [225] [226

]
Chapter 15.
[227]
Package hyperref Info: bookmark level for unknown literalblock defaults to 0 on
 input line 20735.
 [228] [229]
Underfull \vbox (badness 1603) detected at line 20912
 []

[230]
Underfull \vbox (badness 10000) detected at line 20960
 []

[231] [232] [233]
Underfull \vbox (badness 1616) detected at line 21179
 []

[234] [235] [236

]
Chapter 16.

Overfull \vbox (1.14006pt too high) detected at line 21269
 []

[237] [238] [239]
Overfull \vbox (1.8739pt too high) detected at line 21479
 []

[240] [241] [242] [243] [244] [245] [246

] (./psyclone.ind [247

] [248

]
Underfull \hbox (badness 10000) in paragraph at lines 16--17
[]\T1/txtt/m/it/10 clauses() \T1/qtm/m/n/10 (\T1/qtm/m/it/10 psy-clone.psyir.no
des.RegionDirective
 []


Underfull \hbox (badness 10000) in paragraph at lines 17--18
[]\T1/txtt/m/it/10 CommonBlockInterface \T1/qtm/m/n/10 (\T1/qtm/m/it/10 class i
n psy-
 []


Underfull \hbox (badness 10000) in paragraph at lines 26--27
[]\T1/txtt/m/it/10 DefaultModuleInterface \T1/qtm/m/n/10 (\T1/qtm/m/it/10 class
 in psy-
 []


Underfull \hbox (badness 10000) in paragraph at lines 27--29
[]\T1/txtt/m/it/10 dir_body() \T1/qtm/m/n/10 (\T1/qtm/m/it/10 psy-clone.psyir.n
odes.RegionDirective
 []


Underfull \hbox (badness 10000) in paragraph at lines 36--37
[]\T1/txtt/m/it/10 GenericInterfaceSymbol \T1/qtm/m/n/10 (\T1/qtm/m/it/10 class
 in psy-
 []


Underfull \hbox (badness 10000) in paragraph at lines 37--38
[]\T1/txtt/m/it/10 get_sibling_lists() \T1/qtm/m/n/10 (\T1/qtm/m/it/10 psy-clon
e.psyir.nodes.Node
 []


Underfull \hbox (badness 10000) in paragraph at lines 38--39
[]\T1/txtt/m/it/10 get_trans_name() \T1/qtm/m/n/10 (\T1/qtm/m/it/10 psy-clone.p
syGen.TransInfo
 []


Underfull \hbox (badness 10000) in paragraph at lines 44--46
[]\T1/txtt/m/it/10 immediately_follows() \T1/qtm/m/n/10 (\T1/qtm/m/it/10 psy-cl
one.psyir.nodes.Node
 []


Underfull \hbox (badness 10000) in paragraph at lines 46--48
[]\T1/txtt/m/it/10 immediately_precedes() \T1/qtm/m/n/10 (\T1/qtm/m/it/10 psy-c
lone.psyir.nodes.Node
 []


Underfull \hbox (badness 10000) in paragraph at lines 61--63
[]\T1/txtt/m/it/10 member() \T1/qtm/m/n/10 (\T1/qtm/m/it/10 psy-clone.psyir.nod
es.StructureReference
 []

[249

] [250

])

Package sphinx Warning: The package pict2e is required for rounded boxes.
(sphinx)                As it does not seem to be available on your system,
(sphinx)                options setting radii have all been ignored.


Package sphinx Warning: The package ellipse is required for elliptical corners.

(sphinx)                As it does not seem to be available on your system,
(sphinx)                all non-straight corners have used circle arcs..

(./psyclone.aux)

LaTeX Font Warning: Some font shapes were not available, defaults substituted.

Package rerunfilecheck Info: File `psyclone.out' has not changed.
(rerunfilecheck)             Checksum: 85B165101F1B058C0EC353BC46265FFA;62041.
 ) 
Here is how much of TeX's memory you used:
 17744 strings out of 477985
 302225 string characters out of 5839380
 2114388 words of memory out of 6000000
 36663 multiletter control sequences out of 15000+600000
 573801 words of font info for 77 fonts, out of 8000000 for 9000
 15 hyphenation exceptions out of 8191
 72i,12n,76p,1264b,818s stack positions out of 10000i,1000n,20000p,200000b,200000s
</usr/share/texlive/texmf-dist/fonts/type1/public/amsfonts/cm/cmex10.pfb></us
r/share/texlive/texmf-dist/fonts/type1/public/amsfonts/cmextra/cmex7.pfb></usr/
share/texlive/texmf-dist/fonts/type1/public/amsfonts/cm/cmmi10.pfb></usr/share/
texlive/texmf-dist/fonts/type1/public/amsfonts/cm/cmmi5.pfb></usr/share/texlive
/texmf-dist/fonts/type1/public/amsfonts/cm/cmmi7.pfb></usr/share/texlive/texmf-
dist/fonts/type1/public/amsfonts/cm/cmr10.pfb></usr/share/texlive/texmf-dist/fo
nts/type1/public/amsfonts/cm/cmr7.pfb></usr/share/texlive/texmf-dist/fonts/type
1/public/amsfonts/cm/cmsy10.pfb></usr/share/texlive/texmf-dist/fonts/type1/publ
ic/amsfonts/cm/cmsy5.pfb></usr/share/texlive/texmf-dist/fonts/type1/public/amsf
onts/cm/cmsy7.pfb></usr/share/texlive/texmf-dist/fonts/type1/public/tex-gyre/qh
vb.pfb></usr/share/texlive/texmf-dist/fonts/type1/public/tex-gyre/qhvbi.pfb></u
sr/share/texlive/texmf-dist/fonts/type1/public/tex-gyre/qhvr.pfb></usr/share/te
xlive/texmf-dist/fonts/type1/public/tex-gyre/qtmb.pfb></usr/share/texlive/texmf
-dist/fonts/type1/public/tex-gyre/qtmr.pfb></usr/share/texlive/texmf-dist/fonts
/type1/public/tex-gyre/qtmri.pfb></usr/share/texlive/texmf-dist/fonts/type1/pub
lic/cm-super/sfrm1000.pfb></usr/share/texlive/texmf-dist/fonts/type1/public/cm-
super/sfrm1200.pfb></usr/share/texlive/texmf-dist/fonts/type1/public/cm-super/s
frm1440.pfb>
Output written on psyclone.pdf (256 pages, 1258238 bytes).
PDF statistics:
 4016 PDF objects out of 4296 (max. 8388607)
 3664 compressed objects within 37 object streams
 902 named destinations out of 1000 (max. 500000)
 3053 words of extra memory for PDF output out of 10000 (max. 10000000)

