\BOOKMARK [0][-]{chapter.1}{\376\377\000G\000e\000t\000t\000i\000n\000g\000\040\000G\000o\000i\000n\000g}{}% 1
\BOOKMARK [1][-]{section.1.1}{\376\377\000I\000n\000s\000t\000a\000l\000l\000a\000t\000i\000o\000n}{chapter.1}% 2
\BOOKMARK [2][-]{subsection.1.1.1}{\376\377\000I\000n\000s\000t\000a\000l\000l\000a\000t\000i\000o\000n\000\040\000l\000o\000c\000a\000t\000i\000o\000n}{section.1.1}% 3
\BOOKMARK [1][-]{section.1.2}{\376\377\000C\000o\000n\000f\000i\000g\000u\000r\000a\000t\000i\000o\000n}{chapter.1}% 4
\BOOKMARK [1][-]{section.1.3}{\376\377\000R\000u\000n\000n\000i\000n\000g\000\040\000P\000S\000y\000c\000l\000o\000n\000e}{chapter.1}% 5
\BOOKMARK [2][-]{subsection.1.3.1}{\376\377\000P\000S\000y\000c\000l\000o\000n\000e\000\040\000f\000o\000r\000\040\000C\000o\000d\000e\000\040\000T\000r\000a\000n\000s\000f\000o\000r\000m\000a\000t\000i\000o\000n}{section.1.3}% 6
\BOOKMARK [2][-]{subsection.1.3.2}{\376\377\000P\000S\000y\000c\000l\000o\000n\000e\000\040\000f\000o\000r\000\040\000P\000S\000y\000K\000A\000l\000\040\000D\000S\000L\000s}{section.1.3}% 7
\BOOKMARK [0][-]{chapter.2}{\376\377\000T\000h\000e\000\040\000p\000s\000y\000c\000l\000o\000n\000e\000\040\000c\000o\000m\000m\000a\000n\000d}{}% 8
\BOOKMARK [1][-]{section.2.1}{\376\377\000B\000a\000s\000i\000c\000\040\000U\000s\000e}{chapter.2}% 9
\BOOKMARK [1][-]{section.2.2}{\376\377\000T\000r\000a\000n\000s\000f\000o\000r\000m\000a\000t\000i\000o\000n\000\040\000s\000c\000r\000i\000p\000t}{chapter.2}% 10
\BOOKMARK [1][-]{section.2.3}{\376\377\000F\000o\000r\000t\000r\000a\000n\000\040\000I\000N\000C\000L\000U\000D\000E\000\040\000F\000i\000l\000e\000s\000\040\000a\000n\000d\000\040\000M\000o\000d\000u\000l\000e\000s}{chapter.2}% 11
\BOOKMARK [2][-]{subsection.2.3.1}{\376\377\000C\000\040\000P\000r\000e\000-\000p\000r\000o\000c\000e\000s\000s\000o\000r\000\040\000\043\000i\000n\000c\000l\000u\000d\000e\000\040\000F\000i\000l\000e\000s}{section.2.3}% 12
\BOOKMARK [1][-]{section.2.4}{\376\377\000F\000o\000r\000t\000r\000a\000n\000\040\000l\000i\000n\000e\000\040\000l\000e\000n\000g\000t\000h}{chapter.2}% 13
\BOOKMARK [1][-]{section.2.5}{\376\377\000B\000a\000c\000k\000e\000n\000d\000\040\000O\000p\000t\000i\000o\000n\000s}{chapter.2}% 14
\BOOKMARK [1][-]{section.2.6}{\376\377\000A\000u\000t\000o\000m\000a\000t\000i\000c\000\040\000P\000r\000o\000f\000i\000l\000i\000n\000g\000\040\000I\000n\000s\000t\000r\000u\000m\000e\000n\000t\000a\000t\000i\000o\000n}{chapter.2}% 15
\BOOKMARK [1][-]{section.2.7}{\376\377\000U\000s\000i\000n\000g\000\040\000P\000S\000y\000c\000l\000o\000n\000e\000\040\000f\000o\000r\000\040\000P\000S\000y\000K\000A\000L\000\040\000D\000S\000L\000s}{chapter.2}% 16
\BOOKMARK [2][-]{subsection.2.7.1}{\376\377\000P\000S\000y\000K\000A\000l\000\040\000f\000i\000l\000e\000\040\000o\000u\000t\000p\000u\000t}{section.2.7}% 17
\BOOKMARK [2][-]{subsection.2.7.2}{\376\377\000A\000l\000g\000o\000r\000i\000t\000h\000m\000\040\000f\000i\000l\000e\000s\000\040\000w\000i\000t\000h\000\040\000n\000o\000\040\000i\000n\000v\000o\000k\000e\000s}{section.2.7}% 18
\BOOKMARK [2][-]{subsection.2.7.3}{\376\377\000K\000e\000r\000n\000e\000l\000\040\000s\000e\000a\000r\000c\000h\000\040\000d\000i\000r\000e\000c\000t\000o\000r\000y}{section.2.7}% 19
\BOOKMARK [2][-]{subsection.2.7.4}{\376\377\000T\000r\000a\000n\000s\000f\000o\000r\000m\000i\000n\000g\000\040\000P\000S\000y\000K\000A\000l\000\040\000K\000e\000r\000n\000e\000l\000s}{section.2.7}% 20
\BOOKMARK [0][-]{chapter.3}{\376\377\000C\000o\000n\000f\000i\000g\000u\000r\000a\000t\000i\000o\000n}{}% 21
\BOOKMARK [1][-]{section.3.1}{\376\377\000O\000p\000t\000i\000o\000n\000s}{chapter.3}% 22
\BOOKMARK [2][-]{subsection.3.1.1}{\376\377\000D\000E\000F\000A\000U\000L\000T\000\040\000S\000e\000c\000t\000i\000o\000n}{section.3.1}% 23
\BOOKMARK [2][-]{subsection.3.1.2}{\376\377\000C\000o\000m\000m\000o\000n\000\040\000S\000e\000c\000t\000i\000o\000n\000s}{section.3.1}% 24
\BOOKMARK [2][-]{subsection.3.1.3}{\376\377\000l\000f\000r\000i\000c\000\040\000S\000e\000c\000t\000i\000o\000n}{section.3.1}% 25
\BOOKMARK [2][-]{subsection.3.1.4}{\376\377\000g\000o\000c\000e\000a\000n\000\040\000S\000e\000c\000t\000i\000o\000n}{section.3.1}% 26
\BOOKMARK [0][-]{chapter.4}{\376\377\000T\000u\000t\000o\000r\000i\000a\000l\000\040\000a\000n\000d\000\040\000E\000x\000a\000m\000p\000l\000e\000s}{}% 27
\BOOKMARK [1][-]{section.4.1}{\376\377\000T\000u\000t\000o\000r\000i\000a\000l}{chapter.4}% 28
\BOOKMARK [1][-]{section.4.2}{\376\377\000E\000x\000a\000m\000p\000l\000e\000s}{chapter.4}% 29
\BOOKMARK [2][-]{subsection.4.2.1}{\376\377\000C\000o\000m\000p\000i\000l\000a\000t\000i\000o\000n}{section.4.2}% 30
\BOOKMARK [2][-]{subsection.4.2.2}{\376\377\000S\000u\000p\000p\000o\000r\000t\000e\000d\000\040\000C\000o\000m\000p\000i\000l\000e\000r\000s}{section.4.2}% 31
\BOOKMARK [2][-]{subsection.4.2.3}{\376\377\000D\000e\000p\000e\000n\000d\000e\000n\000c\000i\000e\000s}{section.4.2}% 32
\BOOKMARK [3][-]{subsubsection*.3}{\376\377\000N\000e\000t\000C\000D\000F}{subsection.4.2.3}% 33
\BOOKMARK [1][-]{section.4.3}{\376\377\000P\000S\000y\000I\000R\000\040\000E\000x\000a\000m\000p\000l\000e\000s}{chapter.4}% 34
\BOOKMARK [2][-]{subsection.4.3.1}{\376\377\000E\000x\000a\000m\000p\000l\000e\000\040\0001\000:\000\040\000C\000o\000n\000s\000t\000r\000u\000c\000t\000i\000n\000g\000\040\000P\000S\000y\000I\000R\000\040\000a\000n\000d\000\040\000G\000e\000n\000e\000r\000a\000t\000i\000n\000g\000\040\000C\000o\000d\000e}{section.4.3}% 35
\BOOKMARK [2][-]{subsection.4.3.2}{\376\377\000E\000x\000a\000m\000p\000l\000e\000\040\0002\000:\000\040\000C\000r\000e\000a\000t\000i\000n\000g\000\040\000P\000S\000y\000I\000R\000\040\000f\000o\000r\000\040\000S\000t\000r\000u\000c\000t\000u\000r\000e\000\040\000T\000y\000p\000e\000s}{section.4.3}% 36
\BOOKMARK [1][-]{section.4.4}{\376\377\000G\000O\000c\000e\000a\000n\000\040\000E\000x\000a\000m\000p\000l\000e\000s}{chapter.4}% 37
\BOOKMARK [2][-]{subsection.4.4.1}{\376\377\000E\000x\000a\000m\000p\000l\000e\000\040\0001\000:\000\040\000L\000o\000o\000p\000\040\000t\000r\000a\000n\000s\000f\000o\000r\000m\000a\000t\000i\000o\000n\000s}{section.4.4}% 38
\BOOKMARK [2][-]{subsection.4.4.2}{\376\377\000E\000x\000a\000m\000p\000l\000e\000\040\0002\000:\000\040\000O\000p\000e\000n\000A\000C\000C}{section.4.4}% 39
\BOOKMARK [2][-]{subsection.4.4.3}{\376\377\000E\000x\000a\000m\000p\000l\000e\000\040\0003\000:\000\040\000O\000p\000e\000n\000C\000L}{section.4.4}% 40
\BOOKMARK [2][-]{subsection.4.4.4}{\376\377\000E\000x\000a\000m\000p\000l\000e\000\040\0004\000:\000\040\000K\000e\000r\000n\000e\000l\000s\000\040\000c\000o\000n\000t\000a\000i\000n\000i\000n\000g\000\040\000u\000s\000e\000\040\000s\000t\000a\000t\000e\000m\000e\000n\000t\000s}{section.4.4}% 41
\BOOKMARK [2][-]{subsection.4.4.5}{\376\377\000E\000x\000a\000m\000p\000l\000e\000\040\0005\000:\000\040\000P\000S\000y\000D\000a\000t\000a}{section.4.4}% 42
\BOOKMARK [3][-]{subsubsection*.4}{\376\377\000E\000x\000a\000m\000p\000l\000e\000\040\0005\000.\0001\000:\000\040\000K\000e\000r\000n\000e\000l\000\040\000d\000a\000t\000a\000\040\000e\000x\000t\000r\000a\000c\000t\000i\000o\000n}{subsection.4.4.5}% 43
\BOOKMARK [3][-]{subsubsection*.5}{\376\377\000E\000x\000a\000m\000p\000l\000e\000\040\0005\000.\0002\000:\000\040\000P\000r\000o\000f\000i\000l\000i\000n\000g}{subsection.4.4.5}% 44
\BOOKMARK [3][-]{subsubsection*.6}{\376\377\000E\000x\000a\000m\000p\000l\000e\000\040\0005\000.\0003\000:\000\040\000R\000e\000a\000d\000-\000o\000n\000l\000y\000-\000v\000e\000r\000i\000f\000i\000c\000a\000t\000i\000o\000n}{subsection.4.4.5}% 45
\BOOKMARK [3][-]{subsubsection*.7}{\376\377\000E\000x\000a\000m\000p\000l\000e\000\040\0005\000.\0004\000:\000\040\000V\000a\000l\000u\000e\000\040\000R\000a\000n\000g\000e\000\040\000C\000h\000e\000c\000k}{subsection.4.4.5}% 46
\BOOKMARK [2][-]{subsection.4.4.6}{\376\377\000E\000x\000a\000m\000p\000l\000e\000\040\0006\000:\000\040\000P\000S\000y\000-\000l\000a\000y\000e\000r\000\040\000C\000o\000d\000e\000\040\000C\000r\000e\000a\000t\000i\000o\000n\000\040\000u\000s\000i\000n\000g\000\040\000P\000S\000y\000I\000R}{section.4.4}% 47
\BOOKMARK [1][-]{section.4.5}{\376\377\000L\000F\000R\000i\000c\000\040\000E\000x\000a\000m\000p\000l\000e\000s}{chapter.4}% 48
\BOOKMARK [2][-]{subsection.4.5.1}{\376\377\000E\000x\000a\000m\000p\000l\000e\000\040\0001\000:\000\040\000B\000a\000s\000i\000c\000\040\000O\000p\000e\000r\000a\000t\000i\000o\000n}{section.4.5}% 49
\BOOKMARK [2][-]{subsection.4.5.2}{\376\377\000E\000x\000a\000m\000p\000l\000e\000\040\0002\000:\000\040\000A\000p\000p\000l\000y\000i\000n\000g\000\040\000T\000r\000a\000n\000s\000f\000o\000r\000m\000a\000t\000i\000o\000n\000s}{section.4.5}% 50
\BOOKMARK [2][-]{subsection.4.5.3}{\376\377\000E\000x\000a\000m\000p\000l\000e\000\040\0003\000:\000\040\000D\000i\000s\000t\000r\000i\000b\000u\000t\000e\000d\000\040\000a\000n\000d\000\040\000S\000h\000a\000r\000e\000d\000\040\000M\000e\000m\000o\000r\000y}{section.4.5}% 51
\BOOKMARK [2][-]{subsection.4.5.4}{\376\377\000E\000x\000a\000m\000p\000l\000e\000\040\0004\000:\000\040\000M\000u\000l\000t\000i\000p\000l\000e\000\040\000B\000u\000i\000l\000t\000-\000i\000n\000s\000,\000\040\000N\000a\000m\000e\000d\000\040\000I\000n\000v\000o\000k\000e\000s\000\040\000a\000n\000d\000\040\000B\000o\000u\000n\000d\000a\000r\000y\000\040\000C\000o\000n\000d\000i\000t\000i\000o\000n\000s}{section.4.5}% 52
\BOOKMARK [2][-]{subsection.4.5.5}{\376\377\000E\000x\000a\000m\000p\000l\000e\000\040\0005\000:\000\040\000S\000t\000e\000n\000c\000i\000l\000s}{section.4.5}% 53
\BOOKMARK [2][-]{subsection.4.5.6}{\376\377\000E\000x\000a\000m\000p\000l\000e\000\040\0006\000:\000\040\000R\000e\000d\000u\000c\000t\000i\000o\000n\000s}{section.4.5}% 54
\BOOKMARK [2][-]{subsection.4.5.7}{\376\377\000E\000x\000a\000m\000p\000l\000e\000\040\0007\000:\000\040\000C\000o\000l\000u\000m\000n\000-\000M\000a\000t\000r\000i\000x\000\040\000A\000s\000s\000e\000m\000b\000l\000y\000\040\000O\000p\000e\000r\000a\000t\000o\000r\000s}{section.4.5}% 55
\BOOKMARK [2][-]{subsection.4.5.8}{\376\377\000E\000x\000a\000m\000p\000l\000e\000\040\0008\000:\000\040\000R\000e\000d\000u\000n\000d\000a\000n\000t\000\040\000C\000o\000m\000p\000u\000t\000a\000t\000i\000o\000n}{section.4.5}% 56
\BOOKMARK [2][-]{subsection.4.5.9}{\376\377\000E\000x\000a\000m\000p\000l\000e\000\040\0009\000:\000\040\000W\000r\000i\000t\000i\000n\000g\000\040\000t\000o\000\040\000D\000i\000s\000c\000o\000n\000t\000i\000n\000u\000o\000u\000s\000\040\000F\000i\000e\000l\000d\000s}{section.4.5}% 57
\BOOKMARK [2][-]{subsection.4.5.10}{\376\377\000E\000x\000a\000m\000p\000l\000e\000\040\0001\0000\000:\000\040\000I\000n\000t\000e\000r\000-\000g\000r\000i\000d\000\040\000K\000e\000r\000n\000e\000l\000s}{section.4.5}% 58
\BOOKMARK [2][-]{subsection.4.5.11}{\376\377\000E\000x\000a\000m\000p\000l\000e\000\040\0001\0001\000:\000\040\000A\000s\000y\000n\000c\000h\000r\000o\000n\000o\000u\000s\000\040\000H\000a\000l\000o\000\040\000E\000x\000c\000h\000a\000n\000g\000e\000s}{section.4.5}% 59
\BOOKMARK [2][-]{subsection.4.5.12}{\376\377\000E\000x\000a\000m\000p\000l\000e\000\040\0001\0002\000:\000\040\000C\000o\000d\000e\000\040\000E\000x\000t\000r\000a\000c\000t\000i\000o\000n}{section.4.5}% 60
\BOOKMARK [2][-]{subsection.4.5.13}{\376\377\000E\000x\000a\000m\000p\000l\000e\000\040\0001\0003\000\040\000:\000\040\000K\000e\000r\000n\000e\000l\000\040\000T\000r\000a\000n\000s\000f\000o\000r\000m\000a\000t\000i\000o\000n}{section.4.5}% 61
\BOOKMARK [2][-]{subsection.4.5.14}{\376\377\000E\000x\000a\000m\000p\000l\000e\000\040\0001\0004\000:\000\040\000O\000p\000e\000n\000A\000C\000C}{section.4.5}% 62
\BOOKMARK [2][-]{subsection.4.5.15}{\376\377\000E\000x\000a\000m\000p\000l\000e\000\040\0001\0005\000:\000\040\000C\000P\000U\000\040\000O\000p\000t\000i\000m\000i\000s\000a\000t\000i\000o\000n\000\040\000o\000f\000\040\000M\000a\000t\000v\000e\000c}{section.4.5}% 63
\BOOKMARK [2][-]{subsection.4.5.16}{\376\377\000E\000x\000a\000m\000p\000l\000e\000\040\0001\0006\000:\000\040\000G\000e\000n\000e\000r\000a\000t\000i\000n\000g\000\040\000L\000F\000R\000i\000c\000\040\000C\000o\000d\000e\000\040\000U\000s\000i\000n\000g\000\040\000L\000F\000R\000i\000c\000-\000s\000p\000e\000c\000i\000f\000i\000c\000\040\000P\000S\000y\000I\000R}{section.4.5}% 64
\BOOKMARK [2][-]{subsection.4.5.17}{\376\377\000E\000x\000a\000m\000p\000l\000e\000\040\0001\0007\000:\000\040\000R\000u\000n\000n\000a\000b\000l\000e\000\040\000S\000i\000m\000p\000l\000i\000f\000i\000e\000d\000\040\000E\000x\000a\000m\000p\000l\000e\000s}{section.4.5}% 65
\BOOKMARK [3][-]{subsubsection*.8}{\376\377\000E\000x\000a\000m\000p\000l\000e\000\040\0001\0007\000.\0001\000:\000\040\000A\000\040\000S\000i\000m\000p\000l\000e\000\040\000R\000u\000n\000n\000a\000b\000l\000e\000\040\000E\000x\000a\000m\000p\000l\000e}{subsection.4.5.17}% 66
\BOOKMARK [3][-]{subsubsection*.9}{\376\377\000E\000x\000a\000m\000p\000l\000e\000\040\0001\0007\000.\0002\000:\000\040\000A\000\040\000S\000i\000m\000p\000l\000e\000\040\000R\000u\000n\000n\000a\000b\000l\000e\000\040\000E\000x\000a\000m\000p\000l\000e\000\040\000W\000i\000t\000h\000\040\000N\000e\000t\000C\000D\000F}{subsection.4.5.17}% 67
\BOOKMARK [3][-]{subsubsection*.10}{\376\377\000E\000x\000a\000m\000p\000l\000e\000\040\0001\0007\000.\0003\000:\000\040\000K\000e\000r\000n\000e\000l\000\040\000D\000a\000t\000a\000\040\000E\000x\000t\000r\000a\000c\000t\000i\000o\000n}{subsection.4.5.17}% 68
\BOOKMARK [2][-]{subsection.4.5.18}{\376\377\000E\000x\000a\000m\000p\000l\000e\000\040\0001\0008\000:\000\040\000S\000p\000e\000c\000i\000a\000l\000\040\000A\000c\000c\000e\000s\000s\000e\000s\000\040\000o\000f\000\040\000C\000o\000n\000t\000i\000n\000u\000o\000u\000s\000\040\000F\000i\000e\000l\000d\000s\000\040\000-\000\040\000I\000n\000c\000r\000e\000m\000e\000n\000t\000i\000n\000g\000\040\000A\000f\000t\000e\000r\000\040\000R\000e\000a\000d\000i\000n\000g\000\040\000a\000n\000d\000\040\000W\000r\000i\000t\000i\000n\000g\000\040\000B\000e\000f\000o\000r\000e\000\040\000\050\000P\000o\000t\000e\000n\000t\000i\000a\000l\000l\000y\000\051\000\040\000R\000e\000a\000d\000i\000n\000g}{section.4.5}% 69
\BOOKMARK [2][-]{subsection.4.5.19}{\376\377\000E\000x\000a\000m\000p\000l\000e\000\040\0001\0009\000:\000\040\000M\000i\000x\000e\000d\000\040\000P\000r\000e\000c\000i\000s\000i\000o\000n}{section.4.5}% 70
\BOOKMARK [2][-]{subsection.4.5.20}{\376\377\000E\000x\000a\000m\000p\000l\000e\000\040\0002\0000\000:\000\040\000A\000l\000g\000o\000r\000i\000t\000h\000m\000\040\000G\000e\000n\000e\000r\000a\000t\000i\000o\000n}{section.4.5}% 71
\BOOKMARK [1][-]{section.4.6}{\376\377\000N\000E\000M\000O\000\040\000E\000x\000a\000m\000p\000l\000e\000s}{chapter.4}% 72
\BOOKMARK [2][-]{subsection.4.6.1}{\376\377\000E\000x\000a\000m\000p\000l\000e\000\040\0001\000:\000\040\000O\000p\000e\000n\000M\000P\000\040\000p\000a\000r\000a\000l\000l\000e\000l\000i\000s\000a\000t\000i\000o\000n\000\040\000o\000f\000\040\000t\000r\000a\000\137\000a\000d\000v}{section.4.6}% 73
\BOOKMARK [2][-]{subsection.4.6.2}{\376\377\000E\000x\000a\000m\000p\000l\000e\000\040\0002\000:\000\040\000O\000p\000e\000n\000M\000P\000\040\000p\000a\000r\000a\000l\000l\000e\000l\000i\000s\000a\000t\000i\000o\000n\000\040\000o\000f\000\040\000t\000r\000a\000l\000d\000f\000\137\000i\000s\000o}{section.4.6}% 74
\BOOKMARK [2][-]{subsection.4.6.3}{\376\377\000E\000x\000a\000m\000p\000l\000e\000\040\0003\000:\000\040\000O\000p\000e\000n\000A\000C\000C\000\040\000p\000a\000r\000a\000l\000l\000e\000l\000i\000s\000a\000t\000i\000o\000n\000\040\000o\000f\000\040\000t\000r\000a\000\137\000a\000d\000v}{section.4.6}% 75
\BOOKMARK [2][-]{subsection.4.6.4}{\376\377\000E\000x\000a\000m\000p\000l\000e\000\040\0004\000:\000\040\000T\000r\000a\000n\000s\000f\000o\000r\000m\000i\000n\000g\000\040\000F\000o\000r\000t\000r\000a\000n\000\040\000c\000o\000d\000e\000\040\000t\000o\000\040\000t\000h\000e\000\040\000S\000I\000R}{section.4.6}% 76
\BOOKMARK [2][-]{subsection.4.6.5}{\376\377\000E\000x\000a\000m\000p\000l\000e\000\040\0005\000:\000\040\000K\000e\000r\000n\000e\000l\000\040\000D\000a\000t\000a\000\040\000E\000x\000t\000r\000a\000c\000t\000i\000o\000n}{section.4.6}% 77
\BOOKMARK [2][-]{subsection.4.6.6}{\376\377\000E\000x\000a\000m\000p\000l\000e\000\040\0006\000:\000\040\000R\000e\000a\000d\000-\000o\000n\000l\000y\000\040\000V\000e\000r\000i\000f\000i\000c\000a\000t\000i\000o\000n}{section.4.6}% 78
\BOOKMARK [2][-]{subsection.4.6.7}{\376\377\000S\000c\000r\000i\000p\000t\000s}{section.4.6}% 79
\BOOKMARK [0][-]{chapter.5}{\376\377\000L\000i\000b\000r\000a\000r\000i\000e\000s}{}% 80
\BOOKMARK [1][-]{section.5.1}{\376\377\000A\000v\000a\000i\000l\000a\000b\000l\000e\000\040\000l\000i\000b\000r\000a\000r\000i\000e\000s}{chapter.5}% 81
\BOOKMARK [2][-]{subsection.5.1.1}{\376\377\000P\000r\000o\000f\000i\000l\000i\000n\000g}{section.5.1}% 82
\BOOKMARK [2][-]{subsection.5.1.2}{\376\377\000K\000e\000r\000n\000e\000l\000\040\000D\000a\000t\000a\000\040\000E\000x\000t\000r\000a\000c\000t\000i\000o\000n}{section.5.1}% 83
\BOOKMARK [2][-]{subsection.5.1.3}{\376\377\000A\000c\000c\000e\000s\000s\000\040\000V\000e\000r\000i\000f\000i\000c\000a\000t\000i\000o\000n}{section.5.1}% 84
\BOOKMARK [2][-]{subsection.5.1.4}{\376\377\000V\000a\000l\000u\000e\000\040\000R\000a\000n\000g\000e\000\040\000C\000h\000e\000c\000k}{section.5.1}% 85
\BOOKMARK [1][-]{section.5.2}{\376\377\000D\000e\000p\000e\000n\000d\000e\000n\000c\000i\000e\000s}{chapter.5}% 86
\BOOKMARK [1][-]{section.5.3}{\376\377\000C\000o\000m\000p\000i\000l\000a\000t\000i\000o\000n}{chapter.5}% 87
\BOOKMARK [0][-]{chapter.6}{\376\377\000P\000S\000y\000I\000R\000:\000\040\000t\000h\000e\000\040\000P\000S\000y\000c\000l\000o\000n\000e\000\040\000I\000n\000t\000e\000r\000m\000e\000d\000i\000a\000t\000e\000\040\000R\000e\000p\000r\000e\000s\000e\000n\000t\000a\000t\000i\000o\000n}{}% 88
\BOOKMARK [1][-]{section.6.1}{\376\377\000P\000S\000y\000I\000R\000\040\000N\000o\000d\000e\000s}{chapter.6}% 89
\BOOKMARK [1][-]{section.6.2}{\376\377\000A\000v\000a\000i\000l\000a\000b\000l\000e\000\040\000l\000a\000n\000g\000u\000a\000g\000e\000-\000l\000e\000v\000e\000l\000\040\000n\000o\000d\000e\000s}{chapter.6}% 90
\BOOKMARK [1][-]{section.6.3}{\376\377\000T\000e\000x\000t\000\040\000R\000e\000p\000r\000e\000s\000e\000n\000t\000a\000t\000i\000o\000n}{chapter.6}% 91
\BOOKMARK [1][-]{section.6.4}{\376\377\000T\000r\000e\000e\000\040\000N\000a\000v\000i\000g\000a\000t\000i\000o\000n}{chapter.6}% 92
\BOOKMARK [1][-]{section.6.5}{\376\377\000D\000a\000t\000a\000T\000y\000p\000e\000s}{chapter.6}% 93
\BOOKMARK [2][-]{subsection.6.5.1}{\376\377\000S\000c\000a\000l\000a\000r\000\040\000D\000a\000t\000a\000T\000y\000p\000e}{section.6.5}% 94
\BOOKMARK [2][-]{subsection.6.5.2}{\376\377\000A\000r\000r\000a\000y\000\040\000D\000a\000t\000a\000T\000y\000p\000e}{section.6.5}% 95
\BOOKMARK [2][-]{subsection.6.5.3}{\376\377\000S\000t\000r\000u\000c\000t\000u\000r\000e\000\040\000D\000a\000t\000a\000t\000y\000p\000e}{section.6.5}% 96
\BOOKMARK [2][-]{subsection.6.5.4}{\376\377\000U\000n\000k\000n\000o\000w\000n\000\040\000D\000a\000t\000a\000T\000y\000p\000e}{section.6.5}% 97
\BOOKMARK [2][-]{subsection.6.5.5}{\376\377\000N\000o\000T\000y\000p\000e}{section.6.5}% 98
\BOOKMARK [1][-]{section.6.6}{\376\377\000S\000y\000m\000b\000o\000l\000s\000\040\000a\000n\000d\000\040\000S\000y\000m\000b\000o\000l\000\040\000T\000a\000b\000l\000e\000s}{chapter.6}% 99
\BOOKMARK [2][-]{subsection.6.6.1}{\376\377\000S\000y\000m\000b\000o\000l\000\040\000I\000n\000t\000e\000r\000f\000a\000c\000e\000s}{section.6.6}% 100
\BOOKMARK [1][-]{section.6.7}{\376\377\000C\000r\000e\000a\000t\000i\000n\000g\000\040\000P\000S\000y\000I\000R}{chapter.6}% 101
\BOOKMARK [2][-]{subsection.6.7.1}{\376\377\000S\000y\000m\000b\000o\000l\000\040\000n\000a\000m\000e\000s}{section.6.7}% 102
\BOOKMARK [2][-]{subsection.6.7.2}{\376\377\000N\000o\000d\000e\000s}{section.6.7}% 103
\BOOKMARK [1][-]{section.6.8}{\376\377\000C\000o\000m\000p\000a\000r\000i\000n\000g\000\040\000P\000S\000y\000I\000R\000\040\000n\000o\000d\000e\000s}{chapter.6}% 104
\BOOKMARK [1][-]{section.6.9}{\376\377\000M\000o\000d\000i\000f\000y\000i\000n\000g\000\040\000t\000h\000e\000\040\000P\000S\000y\000I\000R}{chapter.6}% 105
\BOOKMARK [2][-]{subsection.6.9.1}{\376\377\000R\000e\000n\000a\000m\000i\000n\000g\000\040\000s\000y\000m\000b\000o\000l\000s}{section.6.9}% 106
\BOOKMARK [2][-]{subsection.6.9.2}{\376\377\000S\000p\000e\000c\000i\000a\000l\000i\000s\000i\000n\000g\000\040\000s\000y\000m\000b\000o\000l\000s}{section.6.9}% 107
\BOOKMARK [2][-]{subsection.6.9.3}{\376\377\000R\000e\000p\000l\000a\000c\000i\000n\000g\000\040\000P\000S\000y\000I\000R\000\040\000n\000o\000d\000e\000s}{section.6.9}% 108
\BOOKMARK [2][-]{subsection.6.9.4}{\376\377\000D\000e\000t\000a\000c\000h\000i\000n\000g\000\040\000P\000S\000y\000I\000R\000\040\000n\000o\000d\000e\000s}{section.6.9}% 109
\BOOKMARK [2][-]{subsection.6.9.5}{\376\377\000C\000o\000p\000y\000i\000n\000g\000\040\000n\000o\000d\000e\000s}{section.6.9}% 110
\BOOKMARK [2][-]{subsection.6.9.6}{\376\377\000N\000a\000m\000e\000d\000\040\000a\000r\000g\000u\000m\000e\000n\000t\000s}{section.6.9}% 111
\BOOKMARK [0][-]{chapter.7}{\376\377\000T\000r\000a\000n\000s\000f\000o\000r\000m\000a\000t\000i\000o\000n\000s}{}% 112
\BOOKMARK [1][-]{section.7.1}{\376\377\000P\000S\000y\000c\000l\000o\000n\000e\000\040\000U\000s\000e\000r\000\040\000S\000c\000r\000i\000p\000t\000s}{chapter.7}% 113
\BOOKMARK [2][-]{subsection.7.1.1}{\376\377\000S\000c\000r\000i\000p\000t\000\040\000G\000l\000o\000b\000a\000l\000\040\000V\000a\000r\000i\000a\000b\000l\000e\000s}{section.7.1}% 114
\BOOKMARK [2][-]{subsection.7.1.2}{\376\377\000P\000S\000y\000K\000A\000l\000\040\000a\000l\000g\000o\000r\000i\000t\000h\000m\000\040\000c\000o\000d\000e\000\040\000t\000r\000a\000n\000s\000f\000o\000r\000m\000a\000t\000i\000o\000n\000s}{section.7.1}% 115
\BOOKMARK [1][-]{section.7.2}{\376\377\000F\000i\000n\000d\000i\000n\000g\000\040\000t\000r\000a\000n\000s\000f\000o\000r\000m\000a\000t\000i\000o\000n\000s}{chapter.7}% 116
\BOOKMARK [1][-]{section.7.3}{\376\377\000V\000a\000l\000i\000d\000a\000t\000i\000n\000g\000\040\000a\000n\000d\000\040\000A\000p\000p\000l\000y\000i\000n\000g\000\040\000t\000r\000a\000n\000s\000f\000o\000r\000m\000a\000t\000i\000o\000n\000s}{chapter.7}% 117
\BOOKMARK [2][-]{subsection.7.3.1}{\376\377\000V\000a\000l\000i\000d\000a\000t\000i\000o\000n}{section.7.3}% 118
\BOOKMARK [2][-]{subsection.7.3.2}{\376\377\000A\000p\000p\000l\000i\000c\000a\000t\000i\000o\000n}{section.7.3}% 119
\BOOKMARK [1][-]{section.7.4}{\376\377\000A\000v\000a\000i\000l\000a\000b\000l\000e\000\040\000t\000r\000a\000n\000s\000f\000o\000r\000m\000a\000t\000i\000o\000n\000s}{chapter.7}% 120
\BOOKMARK [1][-]{section.7.5}{\376\377\000A\000l\000g\000o\000r\000i\000t\000h\000m\000-\000l\000a\000y\000e\000r}{chapter.7}% 121
\BOOKMARK [1][-]{section.7.6}{\376\377\000K\000e\000r\000n\000e\000l\000s}{chapter.7}% 122
\BOOKMARK [2][-]{subsection.7.6.1}{\376\377\000R\000u\000l\000e\000s}{section.7.6}% 123
\BOOKMARK [2][-]{subsection.7.6.2}{\376\377\000A\000v\000a\000i\000l\000a\000b\000l\000e\000\040\000K\000e\000r\000n\000e\000l\000\040\000T\000r\000a\000n\000s\000f\000o\000r\000m\000a\000t\000i\000o\000n\000s}{section.7.6}% 124
\BOOKMARK [1][-]{section.7.7}{\376\377\000O\000p\000e\000n\000M\000P}{chapter.7}% 125
\BOOKMARK [2][-]{subsection.7.7.1}{\376\377\000R\000e\000d\000u\000c\000t\000i\000o\000n\000s}{section.7.7}% 126
\BOOKMARK [2][-]{subsection.7.7.2}{\376\377\000R\000e\000s\000t\000r\000i\000c\000t\000i\000o\000n\000s}{section.7.7}% 127
\BOOKMARK [2][-]{subsection.7.7.3}{\376\377\000O\000p\000e\000n\000M\000P\000\040\000T\000a\000s\000k\000i\000n\000g}{section.7.7}% 128
\BOOKMARK [1][-]{section.7.8}{\376\377\000O\000p\000e\000n\000C\000L}{chapter.7}% 129
\BOOKMARK [1][-]{section.7.9}{\376\377\000O\000p\000e\000n\000A\000C\000C}{chapter.7}% 130
\BOOKMARK [1][-]{section.7.10}{\376\377\000S\000I\000R}{chapter.7}% 131
\BOOKMARK [0][-]{chapter.8}{\376\377\000I\000n\000t\000r\000o\000d\000u\000c\000t\000i\000o\000n\000\040\000t\000o\000\040\000P\000S\000y\000K\000A\000l}{}% 132
\BOOKMARK [1][-]{section.8.1}{\376\377\000U\000s\000a\000g\000e}{chapter.8}% 133
\BOOKMARK [1][-]{section.8.2}{\376\377\000A\000l\000g\000o\000r\000i\000t\000h\000m\000\040\000l\000a\000y\000e\000r}{chapter.8}% 134
\BOOKMARK [2][-]{subsection.8.2.1}{\376\377\000L\000i\000m\000i\000t\000a\000t\000i\000o\000n\000s}{section.8.2}% 135
\BOOKMARK [1][-]{section.8.3}{\376\377\000K\000e\000r\000n\000e\000l\000\040\000l\000a\000y\000e\000r}{chapter.8}% 136
\BOOKMARK [1][-]{section.8.4}{\376\377\000B\000u\000i\000l\000t\000-\000i\000n\000s}{chapter.8}% 137
\BOOKMARK [2][-]{subsection.8.4.1}{\376\377\000E\000x\000a\000m\000p\000l\000e}{section.8.4}% 138
\BOOKMARK [1][-]{section.8.5}{\376\377\000P\000S\000y\000\040\000l\000a\000y\000e\000r}{chapter.8}% 139
\BOOKMARK [0][-]{chapter.9}{\376\377\000L\000F\000R\000i\000c\000\040\000A\000P\000I}{}% 140
\BOOKMARK [1][-]{section.9.1}{\376\377\000A\000l\000g\000o\000r\000i\000t\000h\000m}{chapter.9}% 141
\BOOKMARK [1][-]{section.9.2}{\376\377\000A\000l\000g\000o\000r\000i\000t\000h\000m\000\040\000A\000r\000g\000u\000m\000e\000n\000t\000\040\000T\000y\000p\000e\000s}{chapter.9}% 142
\BOOKMARK [2][-]{subsection.9.2.1}{\376\377\000S\000c\000a\000l\000a\000r}{section.9.2}% 143
\BOOKMARK [2][-]{subsection.9.2.2}{\376\377\000F\000i\000e\000l\000d}{section.9.2}% 144
\BOOKMARK [2][-]{subsection.9.2.3}{\376\377\000F\000i\000e\000l\000d\000\040\000V\000e\000c\000t\000o\000r}{section.9.2}% 145
\BOOKMARK [2][-]{subsection.9.2.4}{\376\377\000O\000p\000e\000r\000a\000t\000o\000r}{section.9.2}% 146
\BOOKMARK [2][-]{subsection.9.2.5}{\376\377\000C\000o\000l\000u\000m\000n\000-\000w\000i\000s\000e\000\040\000O\000p\000e\000r\000a\000t\000o\000r}{section.9.2}% 147
\BOOKMARK [2][-]{subsection.9.2.6}{\376\377\000Q\000u\000a\000d\000r\000a\000t\000u\000r\000e}{section.9.2}% 148
\BOOKMARK [2][-]{subsection.9.2.7}{\376\377\000H\000a\000l\000o\000\040\000D\000e\000p\000t\000h}{section.9.2}% 149
\BOOKMARK [2][-]{subsection.9.2.8}{\376\377\000S\000t\000e\000n\000c\000i\000l\000\040\000E\000x\000t\000e\000n\000t}{section.9.2}% 150
\BOOKMARK [1][-]{section.9.3}{\376\377\000M\000i\000x\000e\000d\000\040\000P\000r\000e\000c\000i\000s\000i\000o\000n}{chapter.9}% 151
\BOOKMARK [2][-]{subsection.9.3.1}{\376\377\000F\000i\000e\000l\000d\000s}{section.9.3}% 152
\BOOKMARK [2][-]{subsection.9.3.2}{\376\377\000F\000i\000e\000l\000d\000\040\000V\000e\000c\000t\000o\000r\000s}{section.9.3}% 153
\BOOKMARK [2][-]{subsection.9.3.3}{\376\377\000S\000c\000a\000l\000a\000r\000s}{section.9.3}% 154
\BOOKMARK [2][-]{subsection.9.3.4}{\376\377\000L\000M\000A\000\040\000O\000p\000e\000r\000a\000t\000o\000r\000s}{section.9.3}% 155
\BOOKMARK [2][-]{subsection.9.3.5}{\376\377\000C\000o\000l\000u\000m\000n\000-\000w\000i\000s\000e\000\040\000O\000p\000e\000r\000a\000t\000o\000r\000s}{section.9.3}% 156
\BOOKMARK [2][-]{subsection.9.3.6}{\376\377\000C\000o\000n\000s\000i\000s\000t\000e\000n\000c\000y}{section.9.3}% 157
\BOOKMARK [1][-]{section.9.4}{\376\377\000P\000S\000y\000-\000l\000a\000y\000e\000r}{chapter.9}% 158
\BOOKMARK [2][-]{subsection.9.4.1}{\376\377\000M\000o\000d\000u\000l\000e\000\040\000n\000a\000m\000e}{section.9.4}% 159
\BOOKMARK [3][-]{subsubsection*.61}{\376\377\000A\000r\000g\000u\000m\000e\000n\000t\000\040\000I\000n\000t\000e\000n\000t\000s}{subsection.9.4.1}% 160
\BOOKMARK [1][-]{section.9.5}{\376\377\000K\000e\000r\000n\000e\000l}{chapter.9}% 161
\BOOKMARK [2][-]{subsection.9.5.1}{\376\377\000R\000u\000l\000e\000s\000\040\000f\000o\000r\000\040\000a\000l\000l\000\040\000U\000s\000e\000r\000-\000S\000u\000p\000p\000l\000i\000e\000d\000\040\000K\000e\000r\000n\000e\000l\000s\000\040\000t\000h\000a\000t\000\040\000O\000p\000e\000r\000a\000t\000e\000\040\000o\000n\000\040\000C\000e\000l\000l\000-\000C\000o\000l\000u\000m\000n\000s}{section.9.5}% 162
\BOOKMARK [2][-]{subsection.9.5.2}{\376\377\000R\000u\000l\000e\000s\000\040\000s\000p\000e\000c\000i\000f\000i\000c\000\040\000t\000o\000\040\000G\000e\000n\000e\000r\000a\000l\000-\000P\000u\000r\000p\000o\000s\000e\000\040\000K\000e\000r\000n\000e\000l\000s\000\040\000w\000i\000t\000h\000o\000u\000t\000\040\000C\000M\000A\000\040\000O\000p\000e\000r\000a\000t\000o\000r\000s}{section.9.5}% 163
\BOOKMARK [2][-]{subsection.9.5.3}{\376\377\000R\000u\000l\000e\000s\000\040\000f\000o\000r\000\040\000K\000e\000r\000n\000e\000l\000s\000\040\000t\000h\000a\000t\000\040\000w\000o\000r\000k\000\040\000w\000i\000t\000h\000\040\000C\000M\000A\000\040\000O\000p\000e\000r\000a\000t\000o\000r\000s}{section.9.5}% 164
\BOOKMARK [3][-]{subsubsection*.62}{\376\377\000A\000s\000s\000e\000m\000b\000l\000y}{subsection.9.5.3}% 165
\BOOKMARK [3][-]{subsubsection*.63}{\376\377\000A\000p\000p\000l\000i\000c\000a\000t\000i\000o\000n\000\040\000a\000n\000d\000\040\000I\000n\000v\000e\000r\000s\000e\000\040\000A\000p\000p\000l\000i\000c\000a\000t\000i\000o\000n}{subsection.9.5.3}% 166
\BOOKMARK [3][-]{subsubsection*.64}{\376\377\000M\000a\000t\000r\000i\000x\000-\000M\000a\000t\000r\000i\000x}{subsection.9.5.3}% 167
\BOOKMARK [2][-]{subsection.9.5.4}{\376\377\000R\000u\000l\000e\000s\000\040\000f\000o\000r\000\040\000I\000n\000t\000e\000r\000-\000G\000r\000i\000d\000\040\000K\000e\000r\000n\000e\000l\000s}{section.9.5}% 168
\BOOKMARK [2][-]{subsection.9.5.5}{\376\377\000R\000u\000l\000e\000s\000\040\000f\000o\000r\000\040\000U\000s\000e\000r\000-\000S\000u\000p\000p\000l\000i\000e\000d\000\040\000K\000e\000r\000n\000e\000l\000s\000\040\000t\000h\000a\000t\000\040\000O\000p\000e\000r\000a\000t\000e\000\040\000o\000n\000\040\000t\000h\000e\000\040\000D\000o\000m\000a\000i\000n}{section.9.5}% 169
\BOOKMARK [2][-]{subsection.9.5.6}{\376\377\000R\000u\000l\000e\000s\000\040\000f\000o\000r\000\040\000a\000l\000l\000\040\000U\000s\000e\000r\000-\000S\000u\000p\000p\000l\000i\000e\000d\000\040\000K\000e\000r\000n\000e\000l\000s\000\040\000t\000h\000a\000t\000\040\000O\000p\000e\000r\000a\000t\000e\000\040\000o\000n\000\040\000D\000o\000F\000s\000\040\000\050\000D\000o\000F\000\040\000K\000e\000r\000n\000e\000l\000s\000\051}{section.9.5}% 170
\BOOKMARK [2][-]{subsection.9.5.7}{\376\377\000M\000e\000t\000a\000d\000a\000t\000a}{section.9.5}% 171
\BOOKMARK [3][-]{subsubsection*.65}{\376\377\000m\000e\000t\000a\000\137\000a\000r\000g\000s}{subsection.9.5.7}% 172
\BOOKMARK [4][-]{paragraph*.66}{\376\377\000V\000a\000l\000i\000d\000\040\000D\000a\000t\000a\000\040\000T\000y\000p\000e\000s}{subsubsection*.65}% 173
\BOOKMARK [4][-]{paragraph*.67}{\376\377\000V\000a\000l\000i\000d\000\040\000A\000c\000c\000e\000s\000s\000\040\000M\000o\000d\000e\000s}{subsubsection*.65}% 174
\BOOKMARK [4][-]{paragraph*.68}{\376\377\000S\000u\000p\000p\000o\000r\000t\000e\000d\000\040\000F\000u\000n\000c\000t\000i\000o\000n\000\040\000S\000p\000a\000c\000e\000s}{subsubsection*.65}% 175
\BOOKMARK [4][-]{paragraph*.69}{\376\377\000R\000e\000a\000d\000-\000O\000n\000l\000y\000\040\000F\000u\000n\000c\000t\000i\000o\000n\000\040\000S\000p\000a\000c\000e\000s}{subsubsection*.65}% 176
\BOOKMARK [4][-]{paragraph*.70}{\376\377\000O\000p\000t\000i\000o\000n\000a\000l\000\040\000F\000i\000e\000l\000d\000\040\000M\000e\000t\000a\000d\000a\000t\000a}{subsubsection*.65}% 177
\BOOKMARK [5][-]{subparagraph*.71}{\376\377\000S\000t\000e\000n\000c\000i\000l\000\040\000M\000e\000t\000a\000d\000a\000t\000a}{paragraph*.70}% 178
\BOOKMARK [5][-]{subparagraph*.72}{\376\377\000I\000n\000t\000e\000r\000-\000G\000r\000i\000d\000\040\000M\000e\000t\000a\000d\000a\000t\000a}{paragraph*.70}% 179
\BOOKMARK [4][-]{paragraph*.73}{\376\377\000C\000o\000l\000u\000m\000n\000-\000w\000i\000s\000e\000\040\000O\000p\000e\000r\000a\000t\000o\000r\000s\000\040\000\050\000C\000M\000A\000\051}{subsubsection*.65}% 180
\BOOKMARK [3][-]{subsubsection*.74}{\376\377\000m\000e\000t\000a\000\137\000f\000u\000n\000c\000s}{subsection.9.5.7}% 181
\BOOKMARK [3][-]{subsubsection*.75}{\376\377\000m\000e\000t\000a\000\137\000r\000e\000f\000e\000r\000e\000n\000c\000e\000\137\000e\000l\000e\000m\000e\000n\000t}{subsection.9.5.7}% 182
\BOOKMARK [3][-]{subsubsection*.76}{\376\377\000m\000e\000t\000a\000\137\000m\000e\000s\000h}{subsection.9.5.7}% 183
\BOOKMARK [3][-]{subsubsection*.77}{\376\377\000g\000h\000\137\000s\000h\000a\000p\000e\000\040\000a\000n\000d\000\040\000g\000h\000\137\000e\000v\000a\000l\000u\000a\000t\000o\000r\000\137\000t\000a\000r\000g\000e\000t\000s}{subsection.9.5.7}% 184
\BOOKMARK [3][-]{subsubsection*.78}{\376\377\000o\000p\000e\000r\000a\000t\000e\000s\000\137\000o\000n}{subsection.9.5.7}% 185
\BOOKMARK [3][-]{subsubsection*.79}{\376\377\000p\000r\000o\000c\000e\000d\000u\000r\000e}{subsection.9.5.7}% 186
\BOOKMARK [2][-]{subsection.9.5.8}{\376\377\000S\000u\000b\000r\000o\000u\000t\000i\000n\000e}{section.9.5}% 187
\BOOKMARK [3][-]{subsubsection*.80}{\376\377\000R\000u\000l\000e\000s\000\040\000f\000o\000r\000\040\000G\000e\000n\000e\000r\000a\000l\000-\000P\000u\000r\000p\000o\000s\000e\000\040\000K\000e\000r\000n\000e\000l\000s}{subsection.9.5.8}% 188
\BOOKMARK [4][-]{paragraph*.81}{\376\377\000E\000x\000a\000m\000p\000l\000e\000s}{subsubsection*.80}% 189
\BOOKMARK [3][-]{subsubsection*.82}{\376\377\000R\000u\000l\000e\000s\000\040\000f\000o\000r\000\040\000C\000M\000A\000\040\000K\000e\000r\000n\000e\000l\000s}{subsection.9.5.8}% 190
\BOOKMARK [4][-]{paragraph*.83}{\376\377\000A\000s\000s\000e\000m\000b\000l\000y}{subsubsection*.82}% 191
\BOOKMARK [4][-]{paragraph*.84}{\376\377\000A\000p\000p\000l\000i\000c\000a\000t\000i\000o\000n\000/\000I\000n\000v\000e\000r\000s\000e\000-\000A\000p\000p\000l\000i\000c\000a\000t\000i\000o\000n}{subsubsection*.82}% 192
\BOOKMARK [4][-]{paragraph*.85}{\376\377\000M\000a\000t\000r\000i\000x\000-\000M\000a\000t\000r\000i\000x}{subsubsection*.82}% 193
\BOOKMARK [3][-]{subsubsection*.86}{\376\377\000R\000u\000l\000e\000s\000\040\000f\000o\000r\000\040\000I\000n\000t\000e\000r\000-\000G\000r\000i\000d\000\040\000K\000e\000r\000n\000e\000l\000s}{subsection.9.5.8}% 194
\BOOKMARK [3][-]{subsubsection*.87}{\376\377\000R\000u\000l\000e\000s\000\040\000f\000o\000r\000\040\000D\000o\000m\000a\000i\000n\000\040\000K\000e\000r\000n\000e\000l\000s}{subsection.9.5.8}% 195
\BOOKMARK [3][-]{subsubsection*.88}{\376\377\000R\000u\000l\000e\000s\000\040\000f\000o\000r\000\040\000D\000o\000F\000\040\000K\000e\000r\000n\000e\000l\000s}{subsection.9.5.8}% 196
\BOOKMARK [3][-]{subsubsection*.89}{\376\377\000A\000r\000g\000u\000m\000e\000n\000t\000\040\000I\000n\000t\000e\000n\000t\000s}{subsection.9.5.8}% 197
\BOOKMARK [2][-]{subsection.9.5.9}{\376\377\000K\000e\000r\000n\000e\000l\000\040\000N\000a\000m\000i\000n\000g\000\040\000C\000o\000n\000v\000e\000n\000t\000i\000o\000n\000s}{section.9.5}% 198
\BOOKMARK [1][-]{section.9.6}{\376\377\000B\000u\000i\000l\000t\000-\000i\000n\000s}{chapter.9}% 199
\BOOKMARK [2][-]{subsection.9.6.1}{\376\377\000M\000e\000t\000a\000d\000a\000t\000a}{section.9.6}% 200
\BOOKMARK [3][-]{subsubsection*.90}{\376\377\000V\000a\000l\000i\000d\000\040\000D\000a\000t\000a\000\040\000T\000y\000p\000e\000s\000\040\000a\000n\000d\000\040\000A\000c\000c\000e\000s\000s\000\040\000M\000o\000d\000e\000s}{subsection.9.6.1}% 201
\BOOKMARK [2][-]{subsection.9.6.2}{\376\377\000N\000a\000m\000i\000n\000g\000\040\000s\000c\000h\000e\000m\000e}{section.9.6}% 202
\BOOKMARK [2][-]{subsection.9.6.3}{\376\377\000B\000u\000i\000l\000t\000-\000i\000n\000\040\000o\000p\000e\000r\000a\000t\000i\000o\000n\000s\000\040\000o\000n\000\040\000r\000e\000a\000l\000-\000v\000a\000l\000u\000e\000d\000\040\000f\000i\000e\000l\000d\000s}{section.9.6}% 203
\BOOKMARK [3][-]{subsubsection*.91}{\376\377\000A\000d\000d\000i\000t\000i\000o\000n}{subsection.9.6.3}% 204
\BOOKMARK [4][-]{paragraph*.92}{\376\377\000X\000\137\000p\000l\000u\000s\000\137\000Y}{subsubsection*.91}% 205
\BOOKMARK [4][-]{paragraph*.93}{\376\377\000i\000n\000c\000\137\000X\000\137\000p\000l\000u\000s\000\137\000Y}{subsubsection*.91}% 206
\BOOKMARK [4][-]{paragraph*.94}{\376\377\000a\000\137\000p\000l\000u\000s\000\137\000X}{subsubsection*.91}% 207
\BOOKMARK [4][-]{paragraph*.95}{\376\377\000i\000n\000c\000\137\000a\000\137\000p\000l\000u\000s\000\137\000X}{subsubsection*.91}% 208
\BOOKMARK [4][-]{paragraph*.96}{\376\377\000a\000X\000\137\000p\000l\000u\000s\000\137\000Y}{subsubsection*.91}% 209
\BOOKMARK [4][-]{paragraph*.97}{\376\377\000i\000n\000c\000\137\000a\000X\000\137\000p\000l\000u\000s\000\137\000Y}{subsubsection*.91}% 210
\BOOKMARK [4][-]{paragraph*.98}{\376\377\000i\000n\000c\000\137\000X\000\137\000p\000l\000u\000s\000\137\000b\000Y}{subsubsection*.91}% 211
\BOOKMARK [4][-]{paragraph*.99}{\376\377\000a\000X\000\137\000p\000l\000u\000s\000\137\000b\000Y}{subsubsection*.91}% 212
\BOOKMARK [4][-]{paragraph*.100}{\376\377\000i\000n\000c\000\137\000a\000X\000\137\000p\000l\000u\000s\000\137\000b\000Y}{subsubsection*.91}% 213
\BOOKMARK [4][-]{paragraph*.101}{\376\377\000a\000X\000\137\000p\000l\000u\000s\000\137\000a\000Y}{subsubsection*.91}% 214
\BOOKMARK [3][-]{subsubsection*.102}{\376\377\000S\000u\000b\000t\000r\000a\000c\000t\000i\000o\000n}{subsection.9.6.3}% 215
\BOOKMARK [4][-]{paragraph*.103}{\376\377\000X\000\137\000m\000i\000n\000u\000s\000\137\000Y}{subsubsection*.102}% 216
\BOOKMARK [4][-]{paragraph*.104}{\376\377\000i\000n\000c\000\137\000X\000\137\000m\000i\000n\000u\000s\000\137\000Y}{subsubsection*.102}% 217
\BOOKMARK [4][-]{paragraph*.105}{\376\377\000a\000\137\000m\000i\000n\000u\000s\000\137\000X}{subsubsection*.102}% 218
\BOOKMARK [4][-]{paragraph*.106}{\376\377\000i\000n\000c\000\137\000a\000\137\000m\000i\000n\000u\000s\000\137\000X}{subsubsection*.102}% 219
\BOOKMARK [4][-]{paragraph*.107}{\376\377\000X\000\137\000m\000i\000n\000u\000s\000\137\000a}{subsubsection*.102}% 220
\BOOKMARK [4][-]{paragraph*.108}{\376\377\000i\000n\000c\000\137\000X\000\137\000m\000i\000n\000u\000s\000\137\000a}{subsubsection*.102}% 221
\BOOKMARK [4][-]{paragraph*.109}{\376\377\000a\000X\000\137\000m\000i\000n\000u\000s\000\137\000Y}{subsubsection*.102}% 222
\BOOKMARK [4][-]{paragraph*.110}{\376\377\000X\000\137\000m\000i\000n\000u\000s\000\137\000b\000Y}{subsubsection*.102}% 223
\BOOKMARK [4][-]{paragraph*.111}{\376\377\000i\000n\000c\000\137\000X\000\137\000m\000i\000n\000u\000s\000\137\000b\000Y}{subsubsection*.102}% 224
\BOOKMARK [4][-]{paragraph*.112}{\376\377\000a\000X\000\137\000m\000i\000n\000u\000s\000\137\000b\000Y}{subsubsection*.102}% 225
\BOOKMARK [3][-]{subsubsection*.113}{\376\377\000M\000u\000l\000t\000i\000p\000l\000i\000c\000a\000t\000i\000o\000n}{subsection.9.6.3}% 226
\BOOKMARK [4][-]{paragraph*.114}{\376\377\000X\000\137\000t\000i\000m\000e\000s\000\137\000Y}{subsubsection*.113}% 227
\BOOKMARK [4][-]{paragraph*.115}{\376\377\000i\000n\000c\000\137\000X\000\137\000t\000i\000m\000e\000s\000\137\000Y}{subsubsection*.113}% 228
\BOOKMARK [4][-]{paragraph*.116}{\376\377\000i\000n\000c\000\137\000a\000X\000\137\000t\000i\000m\000e\000s\000\137\000Y}{subsubsection*.113}% 229
\BOOKMARK [3][-]{subsubsection*.117}{\376\377\000S\000c\000a\000l\000i\000n\000g}{subsection.9.6.3}% 230
\BOOKMARK [4][-]{paragraph*.118}{\376\377\000a\000\137\000t\000i\000m\000e\000s\000\137\000X}{subsubsection*.117}% 231
\BOOKMARK [4][-]{paragraph*.119}{\376\377\000i\000n\000c\000\137\000a\000\137\000t\000i\000m\000e\000s\000\137\000X}{subsubsection*.117}% 232
\BOOKMARK [3][-]{subsubsection*.120}{\376\377\000D\000i\000v\000i\000s\000i\000o\000n}{subsection.9.6.3}% 233
\BOOKMARK [4][-]{paragraph*.121}{\376\377\000X\000\137\000d\000i\000v\000i\000d\000e\000b\000y\000\137\000Y}{subsubsection*.120}% 234
\BOOKMARK [4][-]{paragraph*.122}{\376\377\000i\000n\000c\000\137\000X\000\137\000d\000i\000v\000i\000d\000e\000b\000y\000\137\000Y}{subsubsection*.120}% 235
\BOOKMARK [4][-]{paragraph*.123}{\376\377\000X\000\137\000d\000i\000v\000i\000d\000e\000b\000y\000\137\000a}{subsubsection*.120}% 236
\BOOKMARK [4][-]{paragraph*.124}{\376\377\000i\000n\000c\000\137\000X\000\137\000d\000i\000v\000i\000d\000e\000b\000y\000\137\000a}{subsubsection*.120}% 237
\BOOKMARK [3][-]{subsubsection*.125}{\376\377\000I\000n\000v\000e\000r\000s\000e\000\040\000s\000c\000a\000l\000i\000n\000g}{subsection.9.6.3}% 238
\BOOKMARK [4][-]{paragraph*.126}{\376\377\000a\000\137\000d\000i\000v\000i\000d\000e\000b\000y\000\137\000X}{subsubsection*.125}% 239
\BOOKMARK [4][-]{paragraph*.127}{\376\377\000i\000n\000c\000\137\000a\000\137\000d\000i\000v\000i\000d\000e\000b\000y\000\137\000X}{subsubsection*.125}% 240
\BOOKMARK [3][-]{subsubsection*.128}{\376\377\000S\000e\000t\000t\000i\000n\000g\000\040\000t\000o\000\040\000a\000\040\000v\000a\000l\000u\000e}{subsection.9.6.3}% 241
\BOOKMARK [4][-]{paragraph*.129}{\376\377\000s\000e\000t\000v\000a\000l\000\137\000c}{subsubsection*.128}% 242
\BOOKMARK [4][-]{paragraph*.130}{\376\377\000s\000e\000t\000v\000a\000l\000\137\000X}{subsubsection*.128}% 243
\BOOKMARK [4][-]{paragraph*.131}{\376\377\000s\000e\000t\000v\000a\000l\000\137\000r\000a\000n\000d\000o\000m}{subsubsection*.128}% 244
\BOOKMARK [3][-]{subsubsection*.132}{\376\377\000R\000a\000i\000s\000i\000n\000g\000\040\000t\000o\000\040\000p\000o\000w\000e\000r}{subsection.9.6.3}% 245
\BOOKMARK [4][-]{paragraph*.133}{\376\377\000i\000n\000c\000\137\000X\000\137\000p\000o\000w\000r\000e\000a\000l\000\137\000a}{subsubsection*.132}% 246
\BOOKMARK [4][-]{paragraph*.134}{\376\377\000i\000n\000c\000\137\000X\000\137\000p\000o\000w\000i\000n\000t\000\137\000n}{subsubsection*.132}% 247
\BOOKMARK [3][-]{subsubsection*.135}{\376\377\000I\000n\000n\000e\000r\000\040\000p\000r\000o\000d\000u\000c\000t}{subsection.9.6.3}% 248
\BOOKMARK [4][-]{paragraph*.136}{\376\377\000X\000\137\000i\000n\000n\000e\000r\000p\000r\000o\000d\000u\000c\000t\000\137\000Y}{subsubsection*.135}% 249
\BOOKMARK [4][-]{paragraph*.137}{\376\377\000X\000\137\000i\000n\000n\000e\000r\000p\000r\000o\000d\000u\000c\000t\000\137\000X}{subsubsection*.135}% 250
\BOOKMARK [3][-]{subsubsection*.138}{\376\377\000S\000u\000m\000\040\000o\000f\000\040\000e\000l\000e\000m\000e\000n\000t\000s}{subsection.9.6.3}% 251
\BOOKMARK [4][-]{paragraph*.139}{\376\377\000s\000u\000m\000\137\000X}{subsubsection*.138}% 252
\BOOKMARK [3][-]{subsubsection*.140}{\376\377\000S\000i\000g\000n\000\040\000o\000f\000\040\000e\000l\000e\000m\000e\000n\000t\000s}{subsection.9.6.3}% 253
\BOOKMARK [4][-]{paragraph*.141}{\376\377\000s\000i\000g\000n\000\137\000X}{subsubsection*.140}% 254
\BOOKMARK [3][-]{subsubsection*.142}{\376\377\000D\000o\000F\000-\000w\000i\000s\000e\000\040\000m\000a\000x\000i\000m\000u\000m\000\040\000o\000f\000\040\000e\000l\000e\000m\000e\000n\000t\000s}{subsection.9.6.3}% 255
\BOOKMARK [4][-]{paragraph*.143}{\376\377\000m\000a\000x\000\137\000a\000X}{subsubsection*.142}% 256
\BOOKMARK [4][-]{paragraph*.144}{\376\377\000i\000n\000c\000\137\000m\000a\000x\000\137\000a\000X}{subsubsection*.142}% 257
\BOOKMARK [3][-]{subsubsection*.145}{\376\377\000D\000o\000F\000-\000w\000i\000s\000e\000\040\000m\000i\000n\000i\000m\000u\000m\000\040\000o\000f\000\040\000e\000l\000e\000m\000e\000n\000t\000s}{subsection.9.6.3}% 258
\BOOKMARK [4][-]{paragraph*.146}{\376\377\000m\000i\000n\000\137\000a\000X}{subsubsection*.145}% 259
\BOOKMARK [4][-]{paragraph*.147}{\376\377\000i\000n\000c\000\137\000m\000i\000n\000\137\000a\000X}{subsubsection*.145}% 260
\BOOKMARK [3][-]{subsubsection*.148}{\376\377\000C\000o\000n\000v\000e\000r\000s\000i\000o\000n\000\040\000o\000f\000\040\000r\000e\000a\000l\000\040\000f\000i\000e\000l\000d\000\040\000e\000l\000e\000m\000e\000n\000t\000s}{subsection.9.6.3}% 261
\BOOKMARK [4][-]{paragraph*.149}{\376\377\000r\000e\000a\000l\000\137\000t\000o\000\137\000i\000n\000t\000\137\000X}{subsubsection*.148}% 262
\BOOKMARK [4][-]{paragraph*.150}{\376\377\000r\000e\000a\000l\000\137\000t\000o\000\137\000r\000e\000a\000l\000\137\000X}{subsubsection*.148}% 263
\BOOKMARK [2][-]{subsection.9.6.4}{\376\377\000B\000u\000i\000l\000t\000-\000i\000n\000\040\000o\000p\000e\000r\000a\000t\000i\000o\000n\000s\000\040\000o\000n\000\040\000i\000n\000t\000e\000g\000e\000r\000-\000v\000a\000l\000u\000e\000d\000\040\000f\000i\000e\000l\000d\000s}{section.9.6}% 264
\BOOKMARK [3][-]{subsubsection*.151}{\376\377\000A\000d\000d\000i\000t\000i\000o\000n}{subsection.9.6.4}% 265
\BOOKMARK [4][-]{paragraph*.152}{\376\377\000i\000n\000t\000\137\000X\000\137\000p\000l\000u\000s\000\137\000Y}{subsubsection*.151}% 266
\BOOKMARK [4][-]{paragraph*.153}{\376\377\000i\000n\000t\000\137\000i\000n\000c\000\137\000X\000\137\000p\000l\000u\000s\000\137\000Y}{subsubsection*.151}% 267
\BOOKMARK [4][-]{paragraph*.154}{\376\377\000i\000n\000t\000\137\000a\000\137\000p\000l\000u\000s\000\137\000X}{subsubsection*.151}% 268
\BOOKMARK [4][-]{paragraph*.155}{\376\377\000i\000n\000t\000\137\000i\000n\000c\000\137\000a\000\137\000p\000l\000u\000s\000\137\000X}{subsubsection*.151}% 269
\BOOKMARK [3][-]{subsubsection*.156}{\376\377\000S\000u\000b\000t\000r\000a\000c\000t\000i\000o\000n}{subsection.9.6.4}% 270
\BOOKMARK [4][-]{paragraph*.157}{\376\377\000i\000n\000t\000\137\000X\000\137\000m\000i\000n\000u\000s\000\137\000Y}{subsubsection*.156}% 271
\BOOKMARK [4][-]{paragraph*.158}{\376\377\000i\000n\000t\000\137\000i\000n\000c\000\137\000X\000\137\000m\000i\000n\000u\000s\000\137\000Y}{subsubsection*.156}% 272
\BOOKMARK [4][-]{paragraph*.159}{\376\377\000i\000n\000t\000\137\000a\000\137\000m\000i\000n\000u\000s\000\137\000X}{subsubsection*.156}% 273
\BOOKMARK [4][-]{paragraph*.160}{\376\377\000i\000n\000t\000\137\000i\000n\000c\000\137\000a\000\137\000m\000i\000n\000u\000s\000\137\000X}{subsubsection*.156}% 274
\BOOKMARK [4][-]{paragraph*.161}{\376\377\000i\000n\000t\000\137\000X\000\137\000m\000i\000n\000u\000s\000\137\000a}{subsubsection*.156}% 275
\BOOKMARK [4][-]{paragraph*.162}{\376\377\000i\000n\000t\000\137\000i\000n\000c\000\137\000X\000\137\000m\000i\000n\000u\000s\000\137\000a}{subsubsection*.156}% 276
\BOOKMARK [3][-]{subsubsection*.163}{\376\377\000M\000u\000l\000t\000i\000p\000l\000i\000c\000a\000t\000i\000o\000n}{subsection.9.6.4}% 277
\BOOKMARK [4][-]{paragraph*.164}{\376\377\000i\000n\000t\000\137\000X\000\137\000t\000i\000m\000e\000s\000\137\000Y}{subsubsection*.163}% 278
\BOOKMARK [4][-]{paragraph*.165}{\376\377\000i\000n\000t\000\137\000i\000n\000c\000\137\000X\000\137\000t\000i\000m\000e\000s\000\137\000Y}{subsubsection*.163}% 279
\BOOKMARK [3][-]{subsubsection*.166}{\376\377\000S\000c\000a\000l\000i\000n\000g}{subsection.9.6.4}% 280
\BOOKMARK [4][-]{paragraph*.167}{\376\377\000i\000n\000t\000\137\000a\000\137\000t\000i\000m\000e\000s\000\137\000X}{subsubsection*.166}% 281
\BOOKMARK [4][-]{paragraph*.168}{\376\377\000i\000n\000t\000\137\000i\000n\000c\000\137\000a\000\137\000t\000i\000m\000e\000s\000\137\000X}{subsubsection*.166}% 282
\BOOKMARK [3][-]{subsubsection*.169}{\376\377\000S\000e\000t\000t\000i\000n\000g\000\040\000t\000o\000\040\000a\000\040\000v\000a\000l\000u\000e}{subsection.9.6.4}% 283
\BOOKMARK [4][-]{paragraph*.170}{\376\377\000i\000n\000t\000\137\000s\000e\000t\000v\000a\000l\000\137\000c}{subsubsection*.169}% 284
\BOOKMARK [4][-]{paragraph*.171}{\376\377\000i\000n\000t\000\137\000s\000e\000t\000v\000a\000l\000\137\000X}{subsubsection*.169}% 285
\BOOKMARK [3][-]{subsubsection*.172}{\376\377\000S\000i\000g\000n\000\040\000o\000f\000\040\000e\000l\000e\000m\000e\000n\000t\000s}{subsection.9.6.4}% 286
\BOOKMARK [4][-]{paragraph*.173}{\376\377\000i\000n\000t\000\137\000s\000i\000g\000n\000\137\000X}{subsubsection*.172}% 287
\BOOKMARK [3][-]{subsubsection*.174}{\376\377\000D\000o\000F\000-\000w\000i\000s\000e\000\040\000m\000a\000x\000i\000m\000u\000m\000\040\000o\000f\000\040\000e\000l\000e\000m\000e\000n\000t\000s}{subsection.9.6.4}% 288
\BOOKMARK [4][-]{paragraph*.175}{\376\377\000i\000n\000t\000\137\000m\000a\000x\000\137\000a\000X}{subsubsection*.174}% 289
\BOOKMARK [4][-]{paragraph*.176}{\376\377\000i\000n\000t\000\137\000i\000n\000c\000\137\000m\000a\000x\000\137\000a\000X}{subsubsection*.174}% 290
\BOOKMARK [3][-]{subsubsection*.177}{\376\377\000D\000o\000F\000-\000w\000i\000s\000e\000\040\000m\000i\000n\000i\000m\000u\000m\000\040\000o\000f\000\040\000e\000l\000e\000m\000e\000n\000t\000s}{subsection.9.6.4}% 291
\BOOKMARK [4][-]{paragraph*.178}{\376\377\000i\000n\000t\000\137\000m\000i\000n\000\137\000a\000X}{subsubsection*.177}% 292
\BOOKMARK [4][-]{paragraph*.179}{\376\377\000i\000n\000t\000\137\000i\000n\000c\000\137\000m\000i\000n\000\137\000a\000X}{subsubsection*.177}% 293
\BOOKMARK [3][-]{subsubsection*.180}{\376\377\000C\000o\000n\000v\000e\000r\000s\000i\000o\000n\000\040\000o\000f\000\040\000i\000n\000t\000e\000g\000e\000r\000\040\000t\000o\000\040\000r\000e\000a\000l\000\040\000f\000i\000e\000l\000d\000\040\000e\000l\000e\000m\000e\000n\000t\000s}{subsection.9.6.4}% 294
\BOOKMARK [4][-]{paragraph*.181}{\376\377\000i\000n\000t\000\137\000t\000o\000\137\000r\000e\000a\000l\000\137\000X}{subsubsection*.180}% 295
\BOOKMARK [1][-]{section.9.7}{\376\377\000B\000o\000u\000n\000d\000a\000r\000y\000\040\000C\000o\000n\000d\000i\000t\000i\000o\000n\000s}{chapter.9}% 296
\BOOKMARK [1][-]{section.9.8}{\376\377\000C\000o\000n\000v\000e\000n\000t\000i\000o\000n\000s}{chapter.9}% 297
\BOOKMARK [1][-]{section.9.9}{\376\377\000C\000o\000n\000f\000i\000g\000u\000r\000a\000t\000i\000o\000n}{chapter.9}% 298
\BOOKMARK [2][-]{subsection.9.9.1}{\376\377\000A\000n\000n\000e\000x\000e\000d\000\040\000D\000o\000F\000s}{section.9.9}% 299
\BOOKMARK [2][-]{subsection.9.9.2}{\376\377\000R\000u\000n\000-\000t\000i\000m\000e\000\040\000C\000h\000e\000c\000k\000s}{section.9.9}% 300
\BOOKMARK [2][-]{subsection.9.9.3}{\376\377\000S\000u\000p\000p\000o\000r\000t\000e\000d\000\040\000D\000a\000t\000a\000\040\000T\000y\000p\000e\000s\000\040\000a\000n\000d\000\040\000D\000e\000f\000a\000u\000l\000t\000\040\000K\000i\000n\000d}{section.9.9}% 301
\BOOKMARK [2][-]{subsection.9.9.4}{\376\377\000P\000r\000e\000c\000i\000s\000i\000o\000n\000\040\000M\000a\000p}{section.9.9}% 302
\BOOKMARK [2][-]{subsection.9.9.5}{\376\377\000N\000u\000m\000b\000e\000r\000\040\000o\000f\000\040\000G\000e\000n\000e\000r\000a\000l\000i\000s\000e\000d\000\040\000A\000N\000Y\000\137\000*\000\137\000S\000P\000A\000C\000E\000\040\000F\000u\000n\000c\000t\000i\000o\000n\000\040\000S\000p\000a\000c\000e\000s}{section.9.9}% 303
\BOOKMARK [1][-]{section.9.10}{\376\377\000T\000r\000a\000n\000s\000f\000o\000r\000m\000a\000t\000i\000o\000n\000s}{chapter.9}% 304
\BOOKMARK [0][-]{chapter.10}{\376\377\000G\000O\000c\000e\000a\000n\0001\000.\0000\000\040\000A\000P\000I}{}% 305
\BOOKMARK [1][-]{section.10.1}{\376\377\000I\000n\000t\000r\000o\000d\000u\000c\000t\000i\000o\000n}{chapter.10}% 306
\BOOKMARK [1][-]{section.10.2}{\376\377\000T\000h\000e\000\040\000G\000O\000c\000e\000a\000n\000\040\000I\000n\000f\000r\000a\000s\000t\000r\000u\000c\000t\000u\000r\000e\000\040\000L\000i\000b\000r\000a\000r\000y\000\040\000-\000\040\000d\000l\000\137\000e\000s\000m\000\137\000i\000n\000f}{chapter.10}% 307
\BOOKMARK [2][-]{subsection.10.2.1}{\376\377\000G\000r\000i\000d}{section.10.2}% 308
\BOOKMARK [3][-]{subsubsection*.182}{\376\377\000T\000h\000e\000\040\000g\000r\000i\000d\000\137\000i\000n\000i\000t\000\040\000R\000o\000u\000t\000i\000n\000e}{subsection.10.2.1}% 309
\BOOKMARK [2][-]{subsection.10.2.2}{\376\377\000F\000i\000e\000l\000d\000s}{section.10.2}% 310
\BOOKMARK [2][-]{subsection.10.2.3}{\376\377\000E\000x\000a\000m\000p\000l\000e}{section.10.2}% 311
\BOOKMARK [1][-]{section.10.3}{\376\377\000A\000l\000g\000o\000r\000i\000t\000h\000m}{chapter.10}% 312
\BOOKMARK [2][-]{subsection.10.3.1}{\376\377\000I\000n\000v\000o\000k\000e\000s}{section.10.3}% 313
\BOOKMARK [1][-]{section.10.4}{\376\377\000K\000e\000r\000n\000e\000l}{chapter.10}% 314
\BOOKMARK [2][-]{subsection.10.4.1}{\376\377\000M\000e\000t\000a\000d\000a\000t\000a}{section.10.4}% 315
\BOOKMARK [3][-]{subsubsection*.183}{\376\377\000A\000r\000g\000u\000m\000e\000n\000t\000\040\000M\000e\000t\000a\000d\000a\000t\000a\000:\000\040\000m\000e\000t\000a\000\137\000a\000r\000g\000s}{subsection.10.4.1}% 316
\BOOKMARK [3][-]{subsubsection*.185}{\376\377\000I\000t\000e\000r\000a\000t\000e\000s\000\040\000O\000v\000e\000r}{subsection.10.4.1}% 317
\BOOKMARK [3][-]{subsubsection*.186}{\376\377\000I\000n\000d\000e\000x\000\040\000O\000f\000f\000s\000e\000t}{subsection.10.4.1}% 318
\BOOKMARK [3][-]{subsubsection*.187}{\376\377\000P\000r\000o\000c\000e\000d\000u\000r\000e}{subsection.10.4.1}% 319
\BOOKMARK [2][-]{subsection.10.4.2}{\376\377\000S\000u\000b\000r\000o\000u\000t\000i\000n\000e}{section.10.4}% 320
\BOOKMARK [3][-]{subsubsection*.188}{\376\377\000R\000u\000l\000e\000s}{subsection.10.4.2}% 321
\BOOKMARK [1][-]{section.10.5}{\376\377\000B\000u\000i\000l\000t\000-\000i\000n\000s}{chapter.10}% 322
\BOOKMARK [1][-]{section.10.6}{\376\377\000C\000o\000n\000v\000e\000n\000t\000i\000o\000n\000s}{chapter.10}% 323
\BOOKMARK [1][-]{section.10.7}{\376\377\000C\000o\000n\000f\000i\000g\000u\000r\000a\000t\000i\000o\000n}{chapter.10}% 324
\BOOKMARK [2][-]{subsection.10.7.1}{\376\377\000I\000t\000e\000r\000a\000t\000i\000o\000n\000-\000s\000p\000a\000c\000e\000s}{section.10.7}% 325
\BOOKMARK [2][-]{subsection.10.7.2}{\376\377\000G\000r\000i\000d\000\040\000P\000r\000o\000p\000e\000r\000t\000i\000e\000s}{section.10.7}% 326
\BOOKMARK [2][-]{subsection.10.7.3}{\376\377\000D\000e\000b\000u\000g\000\040\000M\000o\000d\000e}{section.10.7}% 327
\BOOKMARK [1][-]{section.10.8}{\376\377\000T\000r\000a\000n\000s\000f\000o\000r\000m\000a\000t\000i\000o\000n\000s}{chapter.10}% 328
\BOOKMARK [0][-]{chapter.11}{\376\377\000P\000S\000y\000c\000l\000o\000n\000e\000\040\000K\000e\000r\000n\000e\000l\000\040\000T\000o\000o\000l\000s}{}% 329
\BOOKMARK [1][-]{section.11.1}{\376\377\000T\000h\000e\000\040\000p\000s\000y\000c\000l\000o\000n\000e\000-\000k\000e\000r\000n\000\040\000C\000o\000m\000m\000a\000n\000d}{chapter.11}% 330
\BOOKMARK [1][-]{section.11.2}{\376\377\000K\000e\000r\000n\000e\000l\000-\000s\000t\000u\000b\000\040\000G\000e\000n\000e\000r\000a\000t\000o\000r}{chapter.11}% 331
\BOOKMARK [2][-]{subsection.11.2.1}{\376\377\000Q\000u\000i\000c\000k\000\040\000S\000t\000a\000r\000t}{section.11.2}% 332
\BOOKMARK [2][-]{subsection.11.2.2}{\376\377\000I\000n\000t\000r\000o\000d\000u\000c\000t\000i\000o\000n}{section.11.2}% 333
\BOOKMARK [2][-]{subsection.11.2.3}{\376\377\000K\000e\000r\000n\000e\000l\000s}{section.11.2}% 334
\BOOKMARK [2][-]{subsection.11.2.4}{\376\377\000E\000x\000a\000m\000p\000l\000e}{section.11.2}% 335
\BOOKMARK [2][-]{subsection.11.2.5}{\376\377\000E\000r\000r\000o\000r\000s}{section.11.2}% 336
\BOOKMARK [1][-]{section.11.3}{\376\377\000A\000l\000g\000o\000r\000i\000t\000h\000m\000\040\000G\000e\000n\000e\000r\000a\000t\000o\000r}{chapter.11}% 337
\BOOKMARK [2][-]{subsection.11.3.1}{\376\377\000Q\000u\000i\000c\000k\000\040\000S\000t\000a\000r\000t}{section.11.3}% 338
\BOOKMARK [2][-]{subsection.11.3.2}{\376\377\000I\000n\000t\000r\000o\000d\000u\000c\000t\000i\000o\000n}{section.11.3}% 339
\BOOKMARK [3][-]{subsubsection*.190}{\376\377\000M\000a\000p\000p\000i\000n\000g\000\040\000o\000f\000\040\000F\000u\000n\000c\000t\000i\000o\000n\000\040\000S\000p\000a\000c\000e\000s}{subsection.11.3.2}% 340
\BOOKMARK [2][-]{subsection.11.3.3}{\376\377\000E\000x\000a\000m\000p\000l\000e}{section.11.3}% 341
\BOOKMARK [2][-]{subsection.11.3.4}{\376\377\000L\000i\000m\000i\000t\000a\000t\000i\000o\000n\000s}{section.11.3}% 342
\BOOKMARK [0][-]{chapter.12}{\376\377\000L\000i\000n\000e\000\040\000l\000e\000n\000g\000t\000h}{}% 343
\BOOKMARK [1][-]{section.12.1}{\376\377\000S\000c\000r\000i\000p\000t}{chapter.12}% 344
\BOOKMARK [1][-]{section.12.2}{\376\377\000I\000n\000t\000e\000r\000a\000c\000t\000i\000v\000e}{chapter.12}% 345
\BOOKMARK [1][-]{section.12.3}{\376\377\000L\000i\000m\000i\000t\000a\000t\000i\000o\000n\000s}{chapter.12}% 346
\BOOKMARK [0][-]{chapter.13}{\376\377\000F\000o\000r\000t\000r\000a\000n\000\040\000N\000a\000m\000i\000n\000g\000\040\000C\000o\000n\000v\000e\000n\000t\000i\000o\000n\000s}{}% 347
\BOOKMARK [0][-]{chapter.14}{\376\377\000P\000S\000y\000D\000a\000t\000a\000\040\000A\000P\000I}{}% 348
\BOOKMARK [1][-]{section.14.1}{\376\377\000R\000e\000a\000d\000-\000O\000n\000l\000y\000\040\000V\000e\000r\000i\000f\000i\000c\000a\000t\000i\000o\000n}{chapter.14}% 349
\BOOKMARK [2][-]{subsection.14.1.1}{\376\377\000R\000e\000a\000d\000-\000O\000n\000l\000y\000\040\000V\000e\000r\000i\000f\000i\000c\000a\000t\000i\000o\000n\000\040\000L\000i\000b\000r\000a\000r\000y\000\040\000f\000o\000r\000\040\000L\000F\000R\000i\000c}{section.14.1}% 350
\BOOKMARK [2][-]{subsection.14.1.2}{\376\377\000R\000e\000a\000d\000-\000O\000n\000l\000y\000-\000V\000e\000r\000i\000f\000i\000c\000a\000t\000i\000o\000n\000\040\000L\000i\000b\000r\000a\000r\000y\000\040\000f\000o\000r\000\040\000G\000O\000c\000e\000a\000n}{section.14.1}% 351
\BOOKMARK [2][-]{subsection.14.1.3}{\376\377\000R\000e\000a\000d\000-\000O\000n\000l\000y\000-\000V\000e\000r\000i\000f\000i\000c\000a\000t\000i\000o\000n\000\040\000L\000i\000b\000r\000a\000r\000y\000\040\000f\000o\000r\000\040\000G\000e\000n\000e\000r\000i\000c\000\040\000F\000o\000r\000t\000r\000a\000n}{section.14.1}% 352
\BOOKMARK [1][-]{section.14.2}{\376\377\000V\000a\000l\000u\000e\000\040\000R\000a\000n\000g\000e\000\040\000C\000h\000e\000c\000k}{chapter.14}% 353
\BOOKMARK [1][-]{section.14.3}{\376\377\000I\000n\000t\000e\000g\000r\000a\000t\000i\000n\000g\000\040\000P\000S\000y\000D\000a\000t\000a\000\040\000L\000i\000b\000r\000a\000r\000i\000e\000s\000\040\000i\000n\000t\000o\000\040\000t\000h\000e\000\040\000L\000F\000R\000i\000c\000\040\000B\000u\000i\000l\000d\000\040\000E\000n\000v\000i\000r\000o\000n\000m\000e\000n\000t}{chapter.14}% 354
\BOOKMARK [0][-]{chapter.15}{\376\377\000P\000r\000o\000f\000i\000l\000i\000n\000g}{}% 355
\BOOKMARK [1][-]{section.15.1}{\376\377\000I\000n\000t\000e\000r\000f\000a\000c\000e\000\040\000t\000o\000\040\000T\000h\000i\000r\000d\000\040\000P\000a\000r\000t\000y\000\040\000P\000r\000o\000f\000i\000l\000i\000n\000g\000\040\000T\000o\000o\000l\000s}{chapter.15}% 356
\BOOKMARK [1][-]{section.15.2}{\376\377\000R\000e\000q\000u\000i\000r\000e\000d\000\040\000M\000o\000d\000i\000f\000i\000c\000a\000t\000i\000o\000n\000s\000\040\000t\000o\000\040\000t\000h\000e\000\040\000P\000r\000o\000g\000r\000a\000m}{chapter.15}% 357
\BOOKMARK [2][-]{subsection.15.2.1}{\376\377\000p\000r\000o\000f\000i\000l\000e\000\137\000P\000S\000y\000D\000a\000t\000a\000I\000n\000i\000t\000\050\000\051}{section.15.2}% 358
\BOOKMARK [2][-]{subsection.15.2.2}{\376\377\000p\000r\000o\000f\000i\000l\000e\000\137\000P\000S\000y\000D\000a\000t\000a\000S\000h\000u\000t\000d\000o\000w\000n\000\050\000\051}{section.15.2}% 359
\BOOKMARK [1][-]{section.15.3}{\376\377\000P\000r\000o\000f\000i\000l\000i\000n\000g\000\040\000C\000o\000m\000m\000a\000n\000d\000-\000L\000i\000n\000e\000\040\000O\000p\000t\000i\000o\000n\000s}{chapter.15}% 360
\BOOKMARK [1][-]{section.15.4}{\376\377\000P\000r\000o\000f\000i\000l\000i\000n\000g\000\040\000i\000n\000\040\000S\000c\000r\000i\000p\000t\000s\000\040\000-\000\040\000P\000r\000o\000f\000i\000l\000e\000T\000r\000a\000n\000s}{chapter.15}% 361
\BOOKMARK [1][-]{section.15.5}{\376\377\000N\000a\000m\000i\000n\000g\000\040\000P\000r\000o\000f\000i\000l\000i\000n\000g\000\040\000R\000e\000g\000i\000o\000n\000s}{chapter.15}% 362
\BOOKMARK [0][-]{chapter.16}{\376\377\000P\000S\000y\000\040\000K\000e\000r\000n\000e\000l\000\040\000E\000x\000t\000r\000a\000c\000t\000o\000r\000\040\000\050\000P\000S\000y\000K\000E\000\051}{}% 363
\BOOKMARK [1][-]{section.16.1}{\376\377\000I\000n\000t\000r\000o\000d\000u\000c\000t\000i\000o\000n}{chapter.16}% 364
\BOOKMARK [2][-]{subsection.16.1.1}{\376\377\000M\000e\000c\000h\000a\000n\000i\000s\000m}{section.16.1}% 365
\BOOKMARK [2][-]{subsection.16.1.2}{\376\377\000R\000e\000s\000t\000r\000i\000c\000t\000i\000o\000n\000s}{section.16.1}% 366
\BOOKMARK [3][-]{subsubsection*.191}{\376\377\000G\000e\000n\000e\000r\000a\000l}{subsection.16.1.2}% 367
\BOOKMARK [3][-]{subsubsection*.192}{\376\377\000D\000i\000s\000t\000r\000i\000b\000u\000t\000e\000d\000\040\000m\000e\000m\000o\000r\000y}{subsection.16.1.2}% 368
\BOOKMARK [3][-]{subsubsection*.193}{\376\377\000S\000h\000a\000r\000e\000d\000\040\000m\000e\000m\000o\000r\000y\000\040\000a\000n\000d\000\040\000A\000P\000I\000-\000s\000p\000e\000c\000i\000f\000i\000c}{subsection.16.1.2}% 369
\BOOKMARK [1][-]{section.16.2}{\376\377\000U\000s\000e}{chapter.16}% 370
\BOOKMARK [1][-]{section.16.3}{\376\377\000E\000x\000t\000r\000a\000c\000t\000i\000o\000n\000\040\000L\000i\000b\000r\000a\000r\000i\000e\000s}{chapter.16}% 371
\BOOKMARK [2][-]{subsection.16.3.1}{\376\377\000E\000x\000t\000r\000a\000c\000t\000i\000o\000n\000\040\000f\000o\000r\000\040\000G\000O\000c\000e\000a\000n}{section.16.3}% 372
\BOOKMARK [2][-]{subsection.16.3.2}{\376\377\000E\000x\000t\000r\000a\000c\000t\000i\000o\000n\000\040\000f\000o\000r\000\040\000L\000F\000R\000i\000c}{section.16.3}% 373
\BOOKMARK [3][-]{subsubsection*.194}{\376\377\000R\000e\000s\000t\000r\000i\000c\000t\000i\000o\000n\000s\000\040\000o\000f\000\040\000K\000e\000r\000n\000e\000l\000\040\000E\000x\000t\000r\000a\000c\000t\000i\000o\000n\000\040\000a\000n\000d\000\040\000D\000r\000i\000v\000e\000r\000\040\000C\000r\000e\000a\000t\000i\000o\000n}{subsection.16.3.2}% 374
\BOOKMARK [2][-]{subsection.16.3.3}{\376\377\000E\000x\000t\000r\000a\000c\000t\000i\000o\000n\000\040\000f\000o\000r\000\040\000g\000e\000n\000e\000r\000i\000c\000\040\000F\000o\000r\000t\000r\000a\000n}{section.16.3}% 375
\BOOKMARK [1][-]{section.16.4}{\376\377\000D\000r\000i\000v\000e\000r\000\040\000S\000u\000m\000m\000a\000r\000y\000\040\000S\000t\000a\000t\000i\000s\000t\000i\000c\000s}{chapter.16}% 376
\BOOKMARK [0][-]{chapter*.195}{\376\377\000B\000i\000b\000l\000i\000o\000g\000r\000a\000p\000h\000y}{}% 377
\BOOKMARK [0][-]{section*.196}{\376\377\000I\000n\000d\000e\000x}{}% 378
